Component: ARM Compiler 5.06 update 6 (build 750) Tool: armlink [4d35ed]

==============================================================================

Section Cross References

    main.o(i.exponent) refers to cdcmple.o(.text) for __aeabi_cdcmpeq
    main.o(i.exponent) refers to dmul.o(.text) for __aeabi_dmul
    main.o(i.exponent) refers to dadd.o(.text) for __aeabi_dsub
    main.o(i.exponent) refers to dflti.o(.text) for __aeabi_i2d
    main.o(i.main) refers to rt_cmsis.o(i.osKernelInitialize) for osKernelInitialize
    main.o(i.main) refers to led_mcb1700.o(i.LED_Initialize) for LED_Initialize
    main.o(i.main) refers to joystick_mcb1700.o(i.Joystick_Initialize) for Joystick_Initialize
    main.o(i.main) refers to printfb.o(i.__0printf$bare) for __2printf
    main.o(i.main) refers to joystick_mcb1700.o(i.Joystick_GetState) for Joystick_GetState
    main.o(i.main) refers to rt_cmsis.o(i.osThreadCreate) for osThreadCreate
    main.o(i.main) refers to rt_cmsis.o(i.osKernelStart) for osKernelStart
    main.o(i.main) refers to rt_cmsis.o(i.osDelay) for osDelay
    main.o(i.main) refers to main.o(.data) for JoystickState
    main.o(i.main) refers to main.o(.constdata) for os_thread_def_semaphore_ThreadA
    main.o(i.mutex_ThreadA) refers to rt_cmsis.o(i.osMutexWait) for osMutexWait
    main.o(i.mutex_ThreadA) refers to rt_cmsis.o(i.osMutexRelease) for osMutexRelease
    main.o(i.mutex_ThreadA) refers to main.o(.data) for mutex_id
    main.o(i.mutex_ThreadB) refers to rt_cmsis.o(i.osMutexWait) for osMutexWait
    main.o(i.mutex_ThreadB) refers to rt_cmsis.o(i.osMutexRelease) for osMutexRelease
    main.o(i.mutex_ThreadB) refers to main.o(.data) for mutex_id
    main.o(i.mutex_ThreadC) refers to rt_cmsis.o(i.osMutexWait) for osMutexWait
    main.o(i.mutex_ThreadC) refers to rt_cmsis.o(i.osMutexRelease) for osMutexRelease
    main.o(i.mutex_ThreadC) refers to main.o(.data) for mutex_id
    main.o(i.resemble_semaphore_ThreadA) refers to main.o(.data) for resemble_semaphore_token
    main.o(i.resemble_semaphore_ThreadB) refers to main.o(.data) for resemble_semaphore_token
    main.o(i.resemble_semaphore_ThreadC) refers to main.o(.data) for resemble_semaphore_token
    main.o(i.semaphore_ThreadA) refers to rt_cmsis.o(i.osSemaphoreWait) for osSemaphoreWait
    main.o(i.semaphore_ThreadA) refers to rt_cmsis.o(i.osSemaphoreRelease) for osSemaphoreRelease
    main.o(i.semaphore_ThreadA) refers to main.o(.data) for semaphore_id
    main.o(i.semaphore_ThreadB) refers to rt_cmsis.o(i.osSemaphoreWait) for osSemaphoreWait
    main.o(i.semaphore_ThreadB) refers to rt_cmsis.o(i.osSemaphoreRelease) for osSemaphoreRelease
    main.o(i.semaphore_ThreadB) refers to main.o(.data) for semaphore_id
    main.o(i.semaphore_ThreadC) refers to rt_cmsis.o(i.osSemaphoreWait) for osSemaphoreWait
    main.o(i.semaphore_ThreadC) refers to rt_cmsis.o(i.osSemaphoreRelease) for osSemaphoreRelease
    main.o(i.semaphore_ThreadC) refers to main.o(.data) for semaphore_id
    main.o(.constdata) refers to main.o(i.semaphore_ThreadA) for semaphore_ThreadA
    main.o(.constdata) refers to main.o(i.semaphore_ThreadB) for semaphore_ThreadB
    main.o(.constdata) refers to main.o(i.semaphore_ThreadC) for semaphore_ThreadC
    main.o(.constdata) refers to main.o(.data) for os_semaphore_cb_semaphore
    main.o(.constdata) refers to main.o(i.mutex_ThreadA) for mutex_ThreadA
    main.o(.constdata) refers to main.o(i.mutex_ThreadB) for mutex_ThreadB
    main.o(.constdata) refers to main.o(i.mutex_ThreadC) for mutex_ThreadC
    main.o(.constdata) refers to main.o(.bss) for os_mutex_cb_mutex
    main.o(.constdata) refers to main.o(i.resemble_semaphore_ThreadA) for resemble_semaphore_ThreadA
    main.o(.constdata) refers to main.o(i.resemble_semaphore_ThreadB) for resemble_semaphore_ThreadB
    main.o(.constdata) refers to main.o(i.resemble_semaphore_ThreadC) for resemble_semaphore_ThreadC
    led_mcb1700.o(i.LED_Initialize) refers to gpio_lpc17xx.o(i.GPIO_PortClock) for GPIO_PortClock
    led_mcb1700.o(i.LED_Initialize) refers to pin_lpc17xx.o(i.PIN_Configure) for PIN_Configure
    led_mcb1700.o(i.LED_Initialize) refers to gpio_lpc17xx.o(i.GPIO_SetDir) for GPIO_SetDir
    led_mcb1700.o(i.LED_Initialize) refers to gpio_lpc17xx.o(i.GPIO_PinWrite) for GPIO_PinWrite
    led_mcb1700.o(i.LED_Initialize) refers to led_mcb1700.o(.constdata) for LED_PIN
    led_mcb1700.o(i.LED_Off) refers to gpio_lpc17xx.o(i.GPIO_PinWrite) for GPIO_PinWrite
    led_mcb1700.o(i.LED_Off) refers to led_mcb1700.o(.constdata) for LED_PIN
    led_mcb1700.o(i.LED_On) refers to gpio_lpc17xx.o(i.GPIO_PinWrite) for GPIO_PinWrite
    led_mcb1700.o(i.LED_On) refers to led_mcb1700.o(.constdata) for LED_PIN
    led_mcb1700.o(i.LED_SetOut) refers to led_mcb1700.o(i.LED_On) for LED_On
    led_mcb1700.o(i.LED_SetOut) refers to led_mcb1700.o(i.LED_Off) for LED_Off
    led_mcb1700.o(i.LED_Uninitialize) refers to pin_lpc17xx.o(i.PIN_Configure) for PIN_Configure
[...]
    printf1.o(i.__0vsnprintf$1) refers to printf1.o(i._printf_core) for _printf_core
    printf1.o(i.__0vsnprintf$1) refers to printf1.o(i._snputc) for _snputc
    printf1.o(i.__0vsprintf$1) refers to printf1.o(i._printf_core) for _printf_core
    printf1.o(i.__0vsprintf$1) refers to printf1.o(i._sputc) for _sputc
    printf1.o(i._printf_core) refers to uidiv.o(.text) for __aeabi_uidivmod
    printf2.o(i.__0fprintf$2) refers to printf2.o(i._printf_core) for _printf_core
    printf2.o(i.__0fprintf$2) refers to main.o(i.fputc) for fputc
    printf2.o(i.__0printf$2) refers to printf2.o(i._printf_core) for _printf_core
    printf2.o(i.__0printf$2) refers to main.o(i.fputc) for fputc
    printf2.o(i.__0printf$2) refers to main.o(.data) for __stdout
    printf2.o(i.__0snprintf$2) refers to printf2.o(i._printf_core) for _printf_core
    printf2.o(i.__0snprintf$2) refers to printf2.o(i._snputc) for _snputc
    printf2.o(i.__0sprintf$2) refers to printf2.o(i._printf_core) for _printf_core
    printf2.o(i.__0sprintf$2) refers to printf2.o(i._sputc) for _sputc
    printf2.o(i.__0vfprintf$2) refers to printf2.o(i._printf_core) for _printf_core
    printf2.o(i.__0vfprintf$2) refers to main.o(i.fputc) for fputc
    printf2.o(i.__0vprintf$2) refers to printf2.o(i._printf_core) for _printf_core
    printf2.o(i.__0vprintf$2) refers to main.o(i.fputc) for fputc
    printf2.o(i.__0vprintf$2) refers to main.o(.data) for __stdout
    printf2.o(i.__0vsnprintf$2) refers to printf2.o(i._printf_core) for _printf_core
    printf2.o(i.__0vsnprintf$2) refers to printf2.o(i._snputc) for _snputc
    printf2.o(i.__0vsprintf$2) refers to printf2.o(i._printf_core) for _printf_core
    printf2.o(i.__0vsprintf$2) refers to printf2.o(i._sputc) for _sputc
    printf3.o(i.__0fprintf$3) refers to printf3.o(i._printf_core) for _printf_core
    printf3.o(i.__0fprintf$3) refers to main.o(i.fputc) for fputc
    printf3.o(i.__0printf$3) refers to printf3.o(i._printf_core) for _printf_core
    printf3.o(i.__0printf$3) refers to main.o(i.fputc) for fputc
    printf3.o(i.__0printf$3) refers to main.o(.data) for __stdout
    printf3.o(i.__0snprintf$3) refers to printf3.o(i._printf_core) for _printf_core
    printf3.o(i.__0snprintf$3) refers to printf3.o(i._snputc) for _snputc
    printf3.o(i.__0sprintf$3) refers to printf3.o(i._printf_core) for _printf_core
    printf3.o(i.__0sprintf$3) refers to printf3.o(i._sputc) for _sputc
    printf3.o(i.__0vfprintf$3) refers to printf3.o(i._printf_core) for _printf_core
    printf3.o(i.__0vfprintf$3) refers to main.o(i.fputc) for fputc
    printf3.o(i.__0vprintf$3) refers to printf3.o(i._printf_core) for _printf_core
    printf3.o(i.__0vprintf$3) refers to main.o(i.fputc) for fputc
    printf3.o(i.__0vprintf$3) refers to main.o(.data) for __stdout
    printf3.o(i.__0vsnprintf$3) refers to printf3.o(i._printf_core) for _printf_core
    printf3.o(i.__0vsnprintf$3) refers to printf3.o(i._snputc) for _snputc
    printf3.o(i.__0vsprintf$3) refers to printf3.o(i._printf_core) for _printf_core
    printf3.o(i.__0vsprintf$3) refers to printf3.o(i._sputc) for _sputc
    printf3.o(i._printf_core) refers to uidiv.o(.text) for __aeabi_uidivmod
    printf4.o(i.__0fprintf$4) refers to printf4.o(i._printf_core) for _printf_core
    printf4.o(i.__0fprintf$4) refers to main.o(i.fputc) for fputc
    printf4.o(i.__0printf$4) refers to printf4.o(i._printf_core) for _printf_core
    printf4.o(i.__0printf$4) refers to main.o(i.fputc) for fputc
    printf4.o(i.__0printf$4) refers to main.o(.data) for __stdout
    printf4.o(i.__0snprintf$4) refers to printf4.o(i._printf_core) for _printf_core
    printf4.o(i.__0snprintf$4) refers to printf4.o(i._snputc) for _snputc
    printf4.o(i.__0sprintf$4) refers to printf4.o(i._printf_core) for _printf_core
    printf4.o(i.__0sprintf$4) refers to printf4.o(i._sputc) for _sputc
    printf4.o(i.__0vfprintf$4) refers to printf4.o(i._printf_core) for _printf_core
    printf4.o(i.__0vfprintf$4) refers to main.o(i.fputc) for fputc
    printf4.o(i.__0vprintf$4) refers to printf4.o(i._printf_core) for _printf_core
    printf4.o(i.__0vprintf$4) refers to main.o(i.fputc) for fputc
    printf4.o(i.__0vprintf$4) refers to main.o(.data) for __stdout
    printf4.o(i.__0vsnprintf$4) refers to printf4.o(i._printf_core) for _printf_core
    printf4.o(i.__0vsnprintf$4) refers to printf4.o(i._snputc) for _snputc
    printf4.o(i.__0vsprintf$4) refers to printf4.o(i._printf_core) for _printf_core
    printf4.o(i.__0vsprintf$4) refers to printf4.o(i._sputc) for _sputc
    printf4.o(i._printf_core) refers to uldiv.o(.text) for __aeabi_uldivmod
    printf5.o(i.__0fprintf$5) refers to printf5.o(i._printf_core) for _printf_core
    printf5.o(i.__0fprintf$5) refers to main.o(i.fputc) for fputc
    printf5.o(i.__0printf$5) refers to printf5.o(i._printf_core) for _printf_core
    printf5.o(i.__0printf$5) refers to main.o(i.fputc) for fputc
    printf5.o(i.__0printf$5) refers to main.o(.data) for __stdout
    printf5.o(i.__0snprintf$5) refers to printf5.o(i._printf_core) for _printf_core
    printf5.o(i.__0snprintf$5) refers to printf5.o(i._snputc) for _snputc
    printf5.o(i.__0sprintf$5) refers to printf5.o(i._printf_core) for _printf_core
    printf5.o(i.__0sprintf$5) refers to printf5.o(i._sputc) for _sputc
    printf5.o(i.__0vfprintf$5) refers to printf5.o(i._printf_core) for _printf_core
    printf5.o(i.__0vfprintf$5) refers to main.o(i.fputc) for fputc
    printf5.o(i.__0vprintf$5) refers to printf5.o(i._printf_core) for _printf_core
    printf5.o(i.__0vprintf$5) refers to main.o(i.fputc) for fputc
    printf5.o(i.__0vprintf$5) refers to main.o(.data) for __stdout
    printf5.o(i.__0vsnprintf$5) refers to printf5.o(i._printf_core) for _printf_core
    printf5.o(i.__0vsnprintf$5) refers to printf5.o(i._snputc) for _snputc
    printf5.o(i.__0vsprintf$5) refers to printf5.o(i._printf_core) for _printf_core
    printf5.o(i.__0vsprintf$5) refers to printf5.o(i._sputc) for _sputc
    printf5.o(i._printf_core) refers to uldiv.o(.text) for __aeabi_uldivmod
    printf6.o(i.__0fprintf$6) refers to printf6.o(i._printf_core) for _printf_core
    printf6.o(i.__0fprintf$6) refers to main.o(i.fputc) for fputc
    printf6.o(i.__0printf$6) refers to printf6.o(i._printf_core) for _printf_core
    printf6.o(i.__0printf$6) refers to main.o(i.fputc) for fputc
    printf6.o(i.__0printf$6) refers to main.o(.data) for __stdout
    printf6.o(i.__0snprintf$6) refers to printf6.o(i._printf_core) for _printf_core
    printf6.o(i.__0snprintf$6) refers to printf6.o(i._snputc) for _snputc
    printf6.o(i.__0sprintf$6) refers to printf6.o(i._printf_core) for _printf_core
    printf6.o(i.__0sprintf$6) refers to printf6.o(i._sputc) for _sputc
    printf6.o(i.__0vfprintf$6) refers to printf6.o(i._printf_core) for _printf_core
    printf6.o(i.__0vfprintf$6) refers to main.o(i.fputc) for fputc
    printf6.o(i.__0vprintf$6) refers to printf6.o(i._printf_core) for _printf_core
    printf6.o(i.__0vprintf$6) refers to main.o(i.fputc) for fputc
    printf6.o(i.__0vprintf$6) refers to main.o(.data) for __stdout
    printf6.o(i.__0vsnprintf$6) refers to printf6.o(i._printf_core) for _printf_core
    printf6.o(i.__0vsnprintf$6) refers to printf6.o(i._snputc) for _snputc
    printf6.o(i.__0vsprintf$6) refers to printf6.o(i._printf_core) for _printf_core
    printf6.o(i.__0vsprintf$6) refers to printf6.o(i._sputc) for _sputc
    printf6.o(i._printf_core) refers to printf6.o(i._printf_pre_padding) for _printf_pre_padding
    printf6.o(i._printf_core) refers to uidiv.o(.text) for __aeabi_uidivmod
    printf6.o(i._printf_core) refers to printf6.o(i._printf_post_padding) for _printf_post_padding
    printf7.o(i.__0fprintf$7) refers to printf7.o(i._printf_core) for _printf_core
    printf7.o(i.__0fprintf$7) refers to main.o(i.fputc) for fputc
    printf7.o(i.__0printf$7) refers to printf7.o(i._printf_core) for _printf_core
    printf7.o(i.__0printf$7) refers to main.o(i.fputc) for fputc
    printf7.o(i.__0printf$7) refers to main.o(.data) for __stdout
    printf7.o(i.__0snprintf$7) refers to printf7.o(i._printf_core) for _printf_core
    printf7.o(i.__0snprintf$7) refers to printf7.o(i._snputc) for _snputc
    printf7.o(i.__0sprintf$7) refers to printf7.o(i._printf_core) for _printf_core
    printf7.o(i.__0sprintf$7) refers to printf7.o(i._sputc) for _sputc
    printf7.o(i.__0vfprintf$7) refers to printf7.o(i._printf_core) for _printf_core
    printf7.o(i.__0vfprintf$7) refers to main.o(i.fputc) for fputc
    printf7.o(i.__0vprintf$7) refers to printf7.o(i._printf_core) for _printf_core
    printf7.o(i.__0vprintf$7) refers to main.o(i.fputc) for fputc
    printf7.o(i.__0vprintf$7) refers to main.o(.data) for __stdout
    printf7.o(i.__0vsnprintf$7) refers to printf7.o(i._printf_core) for _printf_core
    printf7.o(i.__0vsnprintf$7) refers to printf7.o(i._snputc) for _snputc
    printf7.o(i.__0vsprintf$7) refers to printf7.o(i._printf_core) for _printf_core
    printf7.o(i.__0vsprintf$7) refers to printf7.o(i._sputc) for _sputc
    printf7.o(i._printf_core) refers to printf7.o(i._printf_pre_padding) for _printf_pre_padding
    printf7.o(i._printf_core) refers to uldiv.o(.text) for __aeabi_uldivmod
    printf7.o(i._printf_core) refers to printf7.o(i._printf_post_padding) for _printf_post_padding
    printf8.o(i.__0fprintf$8) refers to printf8.o(i._printf_core) for _printf_core
    printf8.o(i.__0fprintf$8) refers to main.o(i.fputc) for fputc
    printf8.o(i.__0printf$8) refers to printf8.o(i._printf_core) for _printf_core
    printf8.o(i.__0printf$8) refers to main.o(i.fputc) for fputc
    printf8.o(i.__0printf$8) refers to main.o(.data) for __stdout
    printf8.o(i.__0snprintf$8) refers to printf8.o(i._printf_core) for _printf_core
    printf8.o(i.__0snprintf$8) refers to printf8.o(i._snputc) for _snputc
    printf8.o(i.__0sprintf$8) refers to printf8.o(i._printf_core) for _printf_core
    printf8.o(i.__0sprintf$8) refers to printf8.o(i._sputc) for _sputc
    printf8.o(i.__0vfprintf$8) refers to printf8.o(i._printf_core) for _printf_core
    printf8.o(i.__0vfprintf$8) refers to main.o(i.fputc) for fputc
    printf8.o(i.__0vprintf$8) refers to printf8.o(i._printf_core) for _printf_core
    printf8.o(i.__0vprintf$8) refers to main.o(i.fputc) for fputc
    printf8.o(i.__0vprintf$8) refers to main.o(.data) for __stdout
    printf8.o(i.__0vsnprintf$8) refers to printf8.o(i._printf_core) for _printf_core
    printf8.o(i.__0vsnprintf$8) refers to printf8.o(i._snputc) for _snputc
    printf8.o(i.__0vsprintf$8) refers to printf8.o(i._printf_core) for _printf_core
    printf8.o(i.__0vsprintf$8) refers to printf8.o(i._sputc) for _sputc
    printf8.o(i._printf_core) refers to printf8.o(i._printf_pre_padding) for _printf_pre_padding
    printf8.o(i._printf_core) refers to uldiv.o(.text) for __aeabi_uldivmod
    printf8.o(i._printf_core) refers to printf8.o(i._printf_post_padding) for _printf_post_padding
    printfa.o(i.__0fprintf) refers (Special) to iusefp.o(.text) for __I$use$fp
    printfa.o(i.__0fprintf) refers to printfa.o(i._printf_core) for _printf_core
    printfa.o(i.__0fprintf) refers to main.o(i.fputc) for fputc
    printfa.o(i.__0printf) refers (Special) to iusefp.o(.text) for __I$use$fp
    printfa.o(i.__0printf) refers to printfa.o(i._printf_core) for _printf_core
    printfa.o(i.__0printf) refers to main.o(i.fputc) for fputc
    printfa.o(i.__0printf) refers to main.o(.data) for __stdout
    printfa.o(i.__0snprintf) refers (Special) to iusefp.o(.text) for __I$use$fp
    printfa.o(i.__0snprintf) refers to printfa.o(i._printf_core) for _printf_core
    printfa.o(i.__0snprintf) refers to printfa.o(i._snputc) for _snputc
    printfa.o(i.__0sprintf) refers (Special) to iusefp.o(.text) for __I$use$fp
    printfa.o(i.__0sprintf) refers to printfa.o(i._printf_core) for _printf_core
    printfa.o(i.__0sprintf) refers to printfa.o(i._sputc) for _sputc
    printfa.o(i.__0vfprintf) refers (Special) to iusefp.o(.text) for __I$use$fp
    printfa.o(i.__0vfprintf) refers to printfa.o(i._printf_core) for _printf_core
    printfa.o(i.__0vfprintf) refers to main.o(i.fputc) for fputc
    printfa.o(i.__0vprintf) refers (Special) to iusefp.o(.text) for __I$use$fp
    printfa.o(i.__0vprintf) refers to printfa.o(i._printf_core) for _printf_core
    printfa.o(i.__0vprintf) refers to main.o(i.fputc) for fputc
    printfa.o(i.__0vprintf) refers to main.o(.data) for __stdout
    printfa.o(i.__0vsnprintf) refers (Special) to iusefp.o(.text) for __I$use$fp
    printfa.o(i.__0vsnprintf) refers to printfa.o(i._printf_core) for _printf_core
    printfa.o(i.__0vsnprintf) refers to printfa.o(i._snputc) for _snputc
    printfa.o(i.__0vsprintf) refers (Special) to iusefp.o(.text) for __I$use$fp
    printfa.o(i.__0vsprintf) refers to printfa.o(i._printf_core) for _printf_core
    printfa.o(i.__0vsprintf) refers to printfa.o(i._sputc) for _sputc
    printfa.o(i._fp_digits) refers (Special) to iusefp.o(.text) for __I$use$fp
    printfa.o(i._fp_digits) refers to dmul.o(.text) for __aeabi_dmul
    printfa.o(i._fp_digits) refers to ddiv.o(.text) for __aeabi_ddiv
    printfa.o(i._fp_digits) refers to cdrcmple.o(.text) for __aeabi_cdrcmple
    printfa.o(i._fp_digits) refers to dadd.o(.text) for __aeabi_dadd
    printfa.o(i._fp_digits) refers to dfixul.o(.text) for __aeabi_d2ulz
    printfa.o(i._fp_digits) refers to uldiv.o(.text) for __aeabi_uldivmod
    printfa.o(i._printf_core) refers (Special) to iusefp.o(.text) for __I$use$fp
    printfa.o(i._printf_core) refers to printfa.o(i._printf_pre_padding) for _printf_pre_padding
    printfa.o(i._printf_core) refers to uldiv.o(.text) for __aeabi_uldivmod
    printfa.o(i._printf_core) refers to printfa.o(i._printf_post_padding) for _printf_post_padding
    printfa.o(i._printf_core) refers to printfa.o(i._fp_digits) for _fp_digits
    printfa.o(i._printf_core) refers to uidiv.o(.text) for __aeabi_uidivmod
    printfa.o(i._printf_post_padding) refers (Special) to iusefp.o(.text) for __I$use$fp
    printfa.o(i._printf_pre_padding) refers (Special) to iusefp.o(.text) for __I$use$fp
    printfa.o(i._snputc) refers (Special) to iusefp.o(.text) for __I$use$fp
    printfa.o(i._sputc) refers (Special) to iusefp.o(.text) for __I$use$fp
    dadd.o(.text) refers (Special) to iusefp.o(.text) for __I$use$fp
    dadd.o(.text) refers to llshl.o(.text) for __aeabi_llsl
    dadd.o(.text) refers to llsshr.o(.text) for __aeabi_lasr
    dadd.o(.text) refers to depilogue.o(.text) for _double_epilogue
    dmul.o(.text) refers (Special) to iusefp.o(.text) for __I$use$fp
    dmul.o(.text) refers to depilogue.o(.text) for _double_epilogue
    dflti.o(.text) refers (Special) to iusefp.o(.text) for __I$use$fp
    dflti.o(.text) refers to depilogue.o(.text) for _double_epilogue
    cdcmple.o(.text) refers (Special) to iusefp.o(.text) for __I$use$fp
    entry2.o(.ARM.Collect$$$$00000001) refers to entry2.o(.ARM.Collect$$$$00002712) for __lit__00000000
    entry2.o(.ARM.Collect$$$$00002712) refers to startup_lpc17xx.o(STACK) for __initial_sp
    entry2.o(__vectab_stack_and_reset_area) refers to startup_lpc17xx.o(STACK) for __initial_sp
    entry2.o(__vectab_stack_and_reset_area) refers to entry.o(.ARM.Collect$$$$00000000) for __main
    entry5.o(.ARM.Collect$$$$00000004) refers to init.o(.text) for __scatterload
    depilogue.o(.text) refers to llshl.o(.text) for __aeabi_llsl
    depilogue.o(.text) refers to llushr.o(.text) for __aeabi_llsr
    ddiv.o(.text) refers to depilogue.o(.text) for _double_round
    dfixul.o(.text) refers to llushr.o(.text) for __aeabi_llsr
    dfixul.o(.text) refers to llshl.o(.text) for __aeabi_llsl
    init.o(.text) refers to entry5.o(.ARM.Collect$$$$00000004) for __main_after_scatterload


==============================================================================

Removing Unused input sections from the image.

    Removing main.o(i.exponent), (116 bytes).
    Removing main.o(i.factorial), (20 bytes).
    Removing led_mcb1700.o(.rev16_text), (4 bytes).
    Removing led_mcb1700.o(.revsh_text), (4 bytes).
    Removing led_mcb1700.o(.rrx_text), (6 bytes).
    Removing led_mcb1700.o(i.LED_GetCount), (4 bytes).
    Removing led_mcb1700.o(i.LED_Off), (44 bytes).
    Removing led_mcb1700.o(i.LED_On), (44 bytes).
    Removing led_mcb1700.o(i.LED_SetOut), (40 bytes).
    Removing led_mcb1700.o(i.LED_Uninitialize), (48 bytes).
    Removing joystick_mcb1700.o(.rev16_text), (4 bytes).
    Removing joystick_mcb1700.o(.revsh_text), (4 bytes).
    Removing joystick_mcb1700.o(.rrx_text), (6 bytes).
    Removing joystick_mcb1700.o(i.Joystick_Uninitialize), (48 bytes).
    Removing gpio_lpc17xx.o(.rev16_text), (4 bytes).
    Removing gpio_lpc17xx.o(.revsh_text), (4 bytes).
    Removing gpio_lpc17xx.o(.rrx_text), (6 bytes).
    Removing gpio_lpc17xx.o(i.GPIO_PortRead), (20 bytes).
    Removing gpio_lpc17xx.o(i.GPIO_PortWrite), (32 bytes).
    Removing pin_lpc17xx.o(.rev16_text), (4 bytes).
    Removing pin_lpc17xx.o(.revsh_text), (4 bytes).
    Removing pin_lpc17xx.o(.rrx_text), (6 bytes).
    Removing pin_lpc17xx.o(i.PIN_ConfigureI2C0Pins), (32 bytes).
    Removing pin_lpc17xx.o(i.PIN_ConfigureTPIU), (40 bytes).
    Removing startup_lpc17xx.o(HEAP), (0 bytes).
    Removing system_lpc17xx.o(.rev16_text), (4 bytes).
    Removing system_lpc17xx.o(.revsh_text), (4 bytes).
    Removing system_lpc17xx.o(.rrx_text), (6 bytes).
    Removing system_lpc17xx.o(i.SystemCoreClockUpdate), (424 bytes).
    Removing system_lpc17xx.o(.data), (4 bytes).
    Removing rt_cmsis.o(.rev16_text), (4 bytes).
    Removing rt_cmsis.o(.revsh_text), (4 bytes).
    Removing rt_cmsis.o(.rrx_text), (6 bytes).
    Removing rt_cmsis.o(i.isrSignalSet), (36 bytes).
    Removing rt_cmsis.o(i.osKernelRunning), (36 bytes).
    Removing rt_cmsis.o(i.osKernelSysTick), (24 bytes).
    Removing rt_cmsis.o(i.osMailAlloc), (28 bytes).
    Removing rt_cmsis.o(i.osMailCAlloc), (48 bytes).
    Removing rt_cmsis.o(i.osMailCreate), (44 bytes).
    Removing rt_cmsis.o(i.osMailFree), (28 bytes).
    Removing rt_cmsis.o(i.osMailGet), (22 bytes).
    Removing rt_cmsis.o(i.osMailPut), (20 bytes).
    Removing rt_cmsis.o(i.osMessageCreate), (44 bytes).
    Removing rt_cmsis.o(i.osMessagePut), (24 bytes).
    Removing rt_cmsis.o(i.osMutexCreate), (44 bytes).
    Removing rt_cmsis.o(i.osMutexDelete), (24 bytes).
    Removing rt_cmsis.o(i.osPoolAlloc), (32 bytes).
    Removing rt_cmsis.o(i.osPoolCAlloc), (52 bytes).
    Removing rt_cmsis.o(i.osPoolCreate), (44 bytes).
    Removing rt_cmsis.o(i.osPoolFree), (32 bytes).
    Removing rt_cmsis.o(i.osSemaphoreCreate), (44 bytes).
    Removing rt_cmsis.o(i.osSemaphoreDelete), (24 bytes).
    Removing rt_cmsis.o(i.osSignalClear), (24 bytes).
    Removing rt_cmsis.o(i.osSignalSet), (24 bytes).
    Removing rt_cmsis.o(i.osSignalWait), (24 bytes).
    Removing rt_cmsis.o(i.osThreadGetId), (24 bytes).
    Removing rt_cmsis.o(i.osThreadGetPriority), (24 bytes).
    Removing rt_cmsis.o(i.osThreadSetPriority), (24 bytes).
    Removing rt_cmsis.o(i.osThreadTerminate), (24 bytes).
    Removing rt_cmsis.o(i.osThreadYield), (24 bytes).
    Removing rt_cmsis.o(i.osTimerCreate), (44 bytes).
    Removing rt_cmsis.o(i.osTimerDelete), (24 bytes).
    Removing rt_cmsis.o(i.osTimerStart), (24 bytes).
    Removing rt_cmsis.o(i.osTimerStop), (24 bytes).
    Removing rt_cmsis.o(i.osWait), (4 bytes).
    Removing rt_cmsis.o(i.os_resume), (12 bytes).
    Removing rt_cmsis.o(i.os_suspend), (12 bytes).
    Removing rt_cmsis.o(i.rt_clr_box), (24 bytes).
    Removing rt_cmsis.o(i.rt_timer_remove), (60 bytes).
    Removing rt_cmsis.o(i.svcKernelRunning), (12 bytes).
    Removing rt_cmsis.o(i.svcKernelSysTick), (56 bytes).
    Removing rt_cmsis.o(i.svcMailCreate), (66 bytes).
    Removing rt_cmsis.o(i.svcMessagePut), (54 bytes).
    Removing rt_cmsis.o(i.svcMutexCreate), (28 bytes).
    Removing rt_cmsis.o(i.svcMutexDelete), (26 bytes).
    Removing rt_cmsis.o(i.svcPoolCreate), (40 bytes).
    Removing rt_cmsis.o(i.svcSemaphoreCreate), (36 bytes).
    Removing rt_cmsis.o(i.svcSemaphoreDelete), (26 bytes).
    Removing rt_cmsis.o(i.svcSignalClear), (36 bytes).
    Removing rt_cmsis.o(i.svcSignalSet), (36 bytes).
    Removing rt_cmsis.o(i.svcSignalWait), (84 bytes).
    Removing rt_cmsis.o(i.svcThreadGetPriority), (18 bytes).
    Removing rt_cmsis.o(i.svcThreadSetPriority), (46 bytes).
    Removing rt_cmsis.o(i.svcThreadYield), (10 bytes).
    Removing rt_cmsis.o(i.svcTimerCreate), (56 bytes).
    Removing rt_cmsis.o(i.svcTimerDelete), (40 bytes).
    Removing rt_cmsis.o(i.svcTimerStart), (100 bytes).
    Removing rt_cmsis.o(i.svcTimerStop), (36 bytes).
    Removing rt_cmsis.o(i.sysMailAlloc), (88 bytes).
    Removing rt_cmsis.o(i.sysMailFree), (96 bytes).
    Removing rt_cmsis.o(i.sysPoolAlloc), (10 bytes).
    Removing rt_cmsis.o(i.sysPoolFree), (20 bytes).
    Removing rt_cmsis.o(i.sysUserTimerUpdate), (48 bytes).
    Removing rt_cmsis.o(i.sysUserTimerWakeupTime), (20 bytes).
    Removing rt_task.o(i.rt_tsk_pass), (48 bytes).
    Removing rt_system.o(.emb_text), (0 bytes).
    Removing rt_system.o(i.os_tick_ovf), (16 bytes).
    Removing rt_system.o(i.os_tick_val), (20 bytes).
    Removing rt_system.o(i.rt_resume), (136 bytes).
    Removing rt_system.o(i.rt_suspend), (36 bytes).
    Removing rt_system.o(i.rt_tsk_lock), (80 bytes).
    Removing rt_system.o(i.rt_tsk_unlock), (80 bytes).
    Removing rt_event.o(i.isr_evt_set), (40 bytes).
    Removing rt_event.o(i.rt_evt_clr), (28 bytes).
    Removing rt_event.o(i.rt_evt_get), (12 bytes).
    Removing rt_event.o(i.rt_evt_set), (92 bytes).
    Removing rt_event.o(i.rt_evt_wait), (60 bytes).
    Removing rt_list.o(i.rt_get_same_rdy_prio), (36 bytes).
    Removing rt_mailbox.o(i.rt_mbx_send), (152 bytes).
    Removing rt_semaphore.o(i.rt_sem_delete), (92 bytes).
    Removing rt_semaphore.o(i.rt_sem_init), (12 bytes).
    Removing rt_time.o(i.rt_itv_set), (24 bytes).
    Removing rt_time.o(i.rt_itv_wait), (40 bytes).
    Removing rt_time.o(i.rt_time_get), (12 bytes).
    Removing rt_mutex.o(i.rt_mut_delete), (176 bytes).
    Removing rt_mutex.o(i.rt_mut_init), (16 bytes).
    Removing rt_membox.o(i._calloc_box), (30 bytes).
    Removing dadd.o(.text), (334 bytes).
    Removing dmul.o(.text), (228 bytes).
    Removing dflti.o(.text), (34 bytes).
    Removing cdcmple.o(.text), (48 bytes).
    Removing depilogue.o(.text), (186 bytes).
    Removing ddiv.o(.text), (222 bytes).
    Removing dfixul.o(.text), (48 bytes).
    Removing cdrcmple.o(.text), (48 bytes).

125 unused section(s) (total 5544 bytes) removed from the image.

==============================================================================

Image Symbol Table

    Local Symbols

    Symbol Name                              Value     Ov Type        Size  Object(Section)

    RESET                                    0x00000000   Section      204  startup_lpc17xx.o(RESET)
    ../clib/microlib/division.c              0x00000000   Number         0  uidiv.o ABSOLUTE
    ../clib/microlib/division.c              0x00000000   Number         0  uldiv.o ABSOLUTE
    ../clib/microlib/init/entry.s            0x00000000   Number         0  entry5.o ABSOLUTE
    ../clib/microlib/init/entry.s            0x00000000   Number         0  entry7b.o ABSOLUTE
    ../clib/microlib/init/entry.s            0x00000000   Number         0  entry10b.o ABSOLUTE
    ../clib/microlib/init/entry.s            0x00000000   Number         0  entry10a.o ABSOLUTE
    ../clib/microlib/init/entry.s            0x00000000   Number         0  entry11a.o ABSOLUTE
    ../clib/microlib/init/entry.s            0x00000000   Number         0  entry8b.o ABSOLUTE
    ../clib/microlib/init/entry.s            0x00000000   Number         0  entry8a.o ABSOLUTE
    ../clib/microlib/init/entry.s            0x00000000   Number         0  entry11b.o ABSOLUTE
    ../clib/microlib/init/entry.s            0x00000000   Number         0  entry7a.o ABSOLUTE
    ../clib/microlib/init/entry.s            0x00000000   Number         0  entry2.o ABSOLUTE
    ../clib/microlib/init/entry.s            0x00000000   Number         0  entry.o ABSOLUTE
    ../clib/microlib/longlong.c              0x00000000   Number         0  llsshr.o ABSOLUTE
    ../clib/microlib/longlong.c              0x00000000   Number         0  llushr.o ABSOLUTE
    ../clib/microlib/longlong.c              0x00000000   Number         0  llshl.o ABSOLUTE
    ../clib/microlib/printf/printf.c         0x00000000   Number         0  printfb.o ABSOLUTE
    ../clib/microlib/printf/printf.c         0x00000000   Number         0  printf3.o ABSOLUTE
    ../clib/microlib/printf/printf.c         0x00000000   Number         0  printfa.o ABSOLUTE
    ../clib/microlib/printf/printf.c         0x00000000   Number         0  printf0.o ABSOLUTE
    ../clib/microlib/printf/printf.c         0x00000000   Number         0  printf1.o ABSOLUTE
    ../clib/microlib/printf/printf.c         0x00000000   Number         0  printf4.o ABSOLUTE
    ../clib/microlib/printf/printf.c         0x00000000   Number         0  printf2.o ABSOLUTE
    ../clib/microlib/printf/printf.c         0x00000000   Number         0  printf5.o ABSOLUTE
    ../clib/microlib/printf/printf.c         0x00000000   Number         0  printf6.o ABSOLUTE
    ../clib/microlib/printf/printf.c         0x00000000   Number         0  printf7.o ABSOLUTE
    ../clib/microlib/printf/printf.c         0x00000000   Number         0  printf8.o ABSOLUTE
    ../clib/microlib/stubs.s                 0x00000000   Number         0  iusefp.o ABSOLUTE
    ../fplib/microlib/fpadd.c                0x00000000   Number         0  dadd.o ABSOLUTE
    ../fplib/microlib/fpdiv.c                0x00000000   Number         0  ddiv.o ABSOLUTE
    ../fplib/microlib/fpepilogue.c           0x00000000   Number         0  depilogue.o ABSOLUTE
    ../fplib/microlib/fpfix.c                0x00000000   Number         0  dfixul.o ABSOLUTE
    ../fplib/microlib/fpflt.c                0x00000000   Number         0  dflti.o ABSOLUTE
    ../fplib/microlib/fpmul.c                0x00000000   Number         0  dmul.o ABSOLUTE
    ..\HAL_CM.c                              0x00000000   Number         0  hal_cm.o ABSOLUTE
    ..\\rt_CMSIS.c                           0x00000000   Number         0  rt_cmsis.o ABSOLUTE
    ..\\rt_System.c                          0x00000000   Number         0  rt_system.o ABSOLUTE
    ..\rt_CMSIS.c                            0x00000000   Number         0  rt_cmsis.o ABSOLUTE
    ..\rt_Event.c                            0x00000000   Number         0  rt_event.o ABSOLUTE
    ..\rt_List.c                             0x00000000   Number         0  rt_list.o ABSOLUTE
    ..\rt_Mailbox.c                          0x00000000   Number         0  rt_mailbox.o ABSOLUTE
    ..\rt_MemBox.c                           0x00000000   Number         0  rt_membox.o ABSOLUTE
    ..\rt_Memory.c                           0x00000000   Number         0  rt_memory.o ABSOLUTE
    ..\rt_Mutex.c                            0x00000000   Number         0  rt_mutex.o ABSOLUTE
    ..\rt_Robin.c                            0x00000000   Number         0  rt_robin.o ABSOLUTE
    ..\rt_Semaphore.c                        0x00000000   Number         0  rt_semaphore.o ABSOLUTE
    ..\rt_System.c                           0x00000000   Number         0  rt_system.o ABSOLUTE
    ..\rt_Task.c                             0x00000000   Number         0  rt_task.o ABSOLUTE
    ..\rt_Time.c                             0x00000000   Number         0  rt_time.o ABSOLUTE
    C:\Users\ashwi\AppData\Local\Arm\Packs\Keil\LPC1700_DFP\2.6.0\Boards\Keil\MCB1700\Common\Joystick_MCB1700.c 0x00000000   Number         0  joystick_mcb1700.o ABSOLUTE
    C:\Users\ashwi\AppData\Local\Arm\Packs\Keil\LPC1700_DFP\2.6.0\Boards\Keil\MCB1700\Common\LED_MCB1700.c 0x00000000   Number         0  led_mcb1700.o ABSOLUTE
    C:\Users\ashwi\AppData\Local\Arm\Packs\Keil\LPC1700_DFP\2.6.0\RTE_Driver\GPIO_LPC17xx.c 0x00000000   Number         0  gpio_lpc17xx.o ABSOLUTE
    C:\Users\ashwi\AppData\Local\Arm\Packs\Keil\LPC1700_DFP\2.6.0\RTE_Driver\PIN_LPC17xx.c 0x00000000   Number         0  pin_lpc17xx.o ABSOLUTE
    C:\\Users\\ashwi\\AppData\\Local\\Arm\\Packs\\Keil\\LPC1700_DFP\\2.6.0\\Boards\\Keil\\MCB1700\\Common\\Joystick_MCB1700.c 0x00000000   Number         0  joystick_mcb1700.o ABSOLUTE
    C:\\Users\\ashwi\\AppData\\Local\\Arm\\Packs\\Keil\\LPC1700_DFP\\2.6.0\\Boards\\Keil\\MCB1700\\Common\\LED_MCB1700.c 0x00000000   Number         0  led_mcb1700.o ABSOLUTE
    C:\\Users\\ashwi\\AppData\\Local\\Arm\\Packs\\Keil\\LPC1700_DFP\\2.6.0\\RTE_Driver\\GPIO_LPC17xx.c 0x00000000   Number         0  gpio_lpc17xx.o ABSOLUTE
    C:\\Users\\ashwi\\AppData\\Local\\Arm\\Packs\\Keil\\LPC1700_DFP\\2.6.0\\RTE_Driver\\PIN_LPC17xx.c 0x00000000   Number         0  pin_lpc17xx.o ABSOLUTE
    HAL_CM3.c                                0x00000000   Number         0  hal_cm3.o ABSOLUTE
    HAL_CM3.c                                0x00000000   Number         0  hal_cm3.o ABSOLUTE
    RTE\CMSIS\RTX_Conf_CM.c                  0x00000000   Number         0  rtx_conf_cm.o ABSOLUTE
    RTE\Device\LPC1768\startup_LPC17xx.s     0x00000000   Number         0  startup_lpc17xx.o ABSOLUTE
    RTE\Device\LPC1768\system_LPC17xx.c      0x00000000   Number         0  system_lpc17xx.o ABSOLUTE
    RTE\\Device\\LPC1768\\system_LPC17xx.c   0x00000000   Number         0  system_lpc17xx.o ABSOLUTE
    SVC_Table.s                              0x00000000   Number         0  svc_table.o ABSOLUTE
    cdcmple.s                                0x00000000   Number         0  cdcmple.o ABSOLUTE
    cdrcmple.s                               0x00000000   Number         0  cdrcmple.o ABSOLUTE
    dc.s                                     0x00000000   Number         0  dc.o ABSOLUTE
    handlers.s                               0x00000000   Number         0  handlers.o ABSOLUTE
    init.s                                   0x00000000   Number         0  init.o ABSOLUTE
    main.c                                   0x00000000   Number         0  main.o ABSOLUTE
    .ARM.Collect$$$$00000000                 0x000000cc   Section        0  entry.o(.ARM.Collect$$$$00000000)
    .ARM.Collect$$$$00000001                 0x000000cc   Section        4  entry2.o(.ARM.Collect$$$$00000001)
    .ARM.Collect$$$$00000004                 0x000000d0   Section        4  entry5.o(.ARM.Collect$$$$00000004)
    .ARM.Collect$$$$00000008                 0x000000d4   Section        0  entry7b.o(.ARM.Collect$$$$00000008)
    .ARM.Collect$$$$0000000A                 0x000000d4   Section        0  entry8b.o(.ARM.Collect$$$$0000000A)
    .ARM.Collect$$$$0000000D                 0x000000d4   Section        0  entry10a.o(.ARM.Collect$$$$0000000D)
    .ARM.Collect$$$$0000000F                 0x000000d4   Section        0  entry11a.o(.ARM.Collect$$$$0000000F)
    .ARM.Collect$$$$000000FF                 0x000000d4   Section        0  rtx_conf_cm.o(.ARM.Collect$$$$000000FF)
    .ARM.Collect$$$$00002712                 0x000000ec   Section        4  entry2.o(.ARM.Collect$$$$00002712)
    __lit__00000000                          0x000000ec   Data           4  entry2.o(.ARM.Collect$$$$00002712)
    .emb_text                                0x000000f0   Section      304  hal_cm3.o(.emb_text)
    .text                                    0x00000220   Section       36  startup_lpc17xx.o(.text)
    .text                                    0x00000244   Section       36  init.o(.text)
    SVC_TABLE                                0x00000268   Section        4  svc_table.o(SVC_TABLE)
    i.GPIO_PinRead                           0x0000026c   Section        0  gpio_lpc17xx.o(i.GPIO_PinRead)
    i.GPIO_PinWrite                          0x0000028c   Section        0  gpio_lpc17xx.o(i.GPIO_PinWrite)
    i.GPIO_PortClock                         0x000002b4   Section        0  gpio_lpc17xx.o(i.GPIO_PortClock)
    i.__0printf$bare                         0x000002e0   Section        0  printfb.o(i.__0printf$bare)
    i.__scatterload_null                     0x000002f0   Section        2  handlers.o(i.__scatterload_null)
    i.os_idle_demon                          0x000002f2   Section        0  rtx_conf_cm.o(i.os_idle_demon)
    i.os_tick_irqack                         0x000002f6   Section        0  rt_system.o(i.os_tick_irqack)
    .ARM.__at_0x02FC                         0x000002fc   Section        4  startup_lpc17xx.o(.ARM.__at_0x02FC)
    i.GPIO_SetDir                            0x00000300   Section        0  gpio_lpc17xx.o(i.GPIO_SetDir)
    i.Joystick_GetState                      0x00000338   Section        0  joystick_mcb1700.o(i.Joystick_GetState)
    i.Joystick_Initialize                    0x00000394   Section        0  joystick_mcb1700.o(i.Joystick_Initialize)
    i.LED_Initialize                         0x000003dc   Section        0  led_mcb1700.o(i.LED_Initialize)
    i.PIN_Configure                          0x00000438   Section        0  pin_lpc17xx.o(i.PIN_Configure)
    i.SystemInit                             0x00000534   Section        0  system_lpc17xx.o(i.SystemInit)
    i.__scatterload_copy                     0x00000674   Section       14  handlers.o(i.__scatterload_copy)
    i.__scatterload_zeroinit                 0x00000682   Section       14  handlers.o(i.__scatterload_zeroinit)
    i._init_box                              0x00000690   Section        0  rt_membox.o(i._init_box)
    i._printf_core                           0x000006d6   Section        0  printfb.o(i._printf_core)
    _printf_core                             0x000006d7   Thumb Code    34  printfb.o(i._printf_core)
    i.dbg_init                               0x000006f8   Section        0  hal_cm.o(i.dbg_init)
    i.dbg_task_notify                        0x00000728   Section        0  hal_cm.o(i.dbg_task_notify)
    i.dbg_task_switch                        0x00000748   Section        0  hal_cm.o(i.dbg_task_switch)
    i.fputc                                  0x00000758   Section        0  main.o(i.fputc)
    i.isrMessageGet                          0x0000077c   Section        0  rt_cmsis.o(i.isrMessageGet)
    i.isrMessagePut                          0x000007a6   Section        0  rt_cmsis.o(i.isrMessagePut)
    i.isrSemaphoreRelease                    0x000007d2   Section        0  rt_cmsis.o(i.isrSemaphoreRelease)
    i.isr_mbx_receive                        0x000007fc   Section        0  rt_mailbox.o(i.isr_mbx_receive)
    i.isr_mbx_send                           0x00000852   Section        0  rt_mailbox.o(i.isr_mbx_send)
    i.isr_sem_send                           0x00000860   Section        0  rt_semaphore.o(i.isr_sem_send)
    i.main                                   0x00000870   Section        0  main.o(i.main)
    i.mutex_ThreadA                          0x00000aac   Section        0  main.o(i.mutex_ThreadA)
    i.mutex_ThreadB                          0x00000ae0   Section        0  main.o(i.mutex_ThreadB)
    i.mutex_ThreadC                          0x00000b14   Section        0  main.o(i.mutex_ThreadC)
    i.osDelay                                0x00000b48   Section        0  rt_cmsis.o(i.osDelay)
    i.osKernelInitialize                     0x00000b60   Section        0  rt_cmsis.o(i.osKernelInitialize)
    i.osKernelStart                          0x00000b84   Section        0  rt_cmsis.o(i.osKernelStart)
    i.osMessageGet                           0x00000bf0   Section        0  rt_cmsis.o(i.osMessageGet)
    i.osMutexRelease                         0x00000c08   Section        0  rt_cmsis.o(i.osMutexRelease)
    i.osMutexWait                            0x00000c20   Section        0  rt_cmsis.o(i.osMutexWait)
    i.osSemaphoreRelease                     0x00000c38   Section        0  rt_cmsis.o(i.osSemaphoreRelease)
    i.osSemaphoreWait                        0x00000c50   Section        0  rt_cmsis.o(i.osSemaphoreWait)
    i.osThreadCreate                         0x00000c68   Section        0  rt_cmsis.o(i.osThreadCreate)
    i.osThreadExit                           0x00000c94   Section        0  rt_cmsis.o(i.osThreadExit)
    i.osTimerCall                            0x00000cac   Section        0  rt_cmsis.o(i.osTimerCall)
    i.osTimerThread                          0x00000cb8   Section        0  rt_cmsis.o(i.osTimerThread)
    i.os_error                               0x00000ce4   Section        0  rtx_conf_cm.o(i.os_error)
    i.os_tick_init                           0x00000d08   Section        0  rt_system.o(i.os_tick_init)
    i.resemble_semaphore_ThreadA             0x00000d30   Section        0  main.o(i.resemble_semaphore_ThreadA)
    i.resemble_semaphore_ThreadB             0x00000d68   Section        0  main.o(i.resemble_semaphore_ThreadB)
    i.resemble_semaphore_ThreadC             0x00000d9c   Section        0  main.o(i.resemble_semaphore_ThreadC)
    i.rt_alloc_box                           0x00000dd4   Section        0  rt_membox.o(i.rt_alloc_box)
    i.rt_alloc_mem                           0x00000dee   Section        0  rt_memory.o(i.rt_alloc_mem)
    i.rt_block                               0x00000e2c   Section        0  rt_task.o(i.rt_block)
    i.rt_chk_robin                           0x00000e64   Section        0  rt_robin.o(i.rt_chk_robin)
    i.rt_dec_dly                             0x00000eac   Section        0  rt_list.o(i.rt_dec_dly)
    i.rt_dispatch                            0x00000f1c   Section        0  rt_task.o(i.rt_dispatch)
    i.rt_dly_wait                            0x00000f60   Section        0  rt_time.o(i.rt_dly_wait)
    i.rt_evt_psh                             0x00000f68   Section        0  rt_event.o(i.rt_evt_psh)
    i.rt_free_box                            0x00000fb8   Section        0  rt_membox.o(i.rt_free_box)
    i.rt_free_mem                            0x00000fe4   Section        0  rt_memory.o(i.rt_free_mem)
    i.rt_get_first                           0x0000100c   Section        0  rt_list.o(i.rt_get_first)
    i.rt_id2obj                              0x00001034   Section        0  rt_cmsis.o(i.rt_id2obj)
    rt_id2obj                                0x00001035   Thumb Code     8  rt_cmsis.o(i.rt_id2obj)
    i.rt_init_context                        0x0000103c   Section        0  rt_task.o(i.rt_init_context)
    rt_init_context                          0x0000103d   Thumb Code    66  rt_task.o(i.rt_init_context)
    i.rt_init_mem                            0x00001084   Section        0  rt_memory.o(i.rt_init_mem)
    i.rt_init_robin                          0x000010a0   Section        0  rt_robin.o(i.rt_init_robin)
    i.rt_init_stack                          0x000010b8   Section        0  hal_cm.o(i.rt_init_stack)
    i.rt_mbx_check                           0x00001138   Section        0  rt_mailbox.o(i.rt_mbx_check)
    i.rt_mbx_init                            0x00001140   Section        0  rt_mailbox.o(i.rt_mbx_init)
    i.rt_mbx_psh                             0x0000115c   Section        0  rt_mailbox.o(i.rt_mbx_psh)
    i.rt_mbx_wait                            0x0000124c   Section        0  rt_mailbox.o(i.rt_mbx_wait)
    i.rt_ms2tick                             0x00001300   Section        0  rt_cmsis.o(i.rt_ms2tick)
    rt_ms2tick                               0x00001301   Thumb Code    58  rt_cmsis.o(i.rt_ms2tick)
    i.rt_mut_release                         0x00001344   Section        0  rt_mutex.o(i.rt_mut_release)
    i.rt_mut_wait                            0x0000141c   Section        0  rt_mutex.o(i.rt_mut_wait)
    i.rt_pop_req                             0x00001494   Section        0  rt_system.o(i.rt_pop_req)
    i.rt_psh_req                             0x00001510   Section        0  rt_system.o(i.rt_psh_req)
    i.rt_psq_enq                             0x00001530   Section        0  rt_list.o(i.rt_psq_enq)
    i.rt_put_dly                             0x0000158c   Section        0  rt_list.o(i.rt_put_dly)
    i.rt_put_prio                            0x000015d4   Section        0  rt_list.o(i.rt_put_prio)
    i.rt_put_rdy_first                       0x0000160c   Section        0  rt_list.o(i.rt_put_rdy_first)
    i.rt_resort_prio                         0x00001620   Section        0  rt_list.o(i.rt_resort_prio)
    i.rt_ret_val                             0x00001654   Section        0  hal_cm.o(i.rt_ret_val)
    i.rt_ret_val2                            0x0000165a   Section        0  hal_cm.o(i.rt_ret_val2)
    i.rt_rmv_dly                             0x00001662   Section        0  rt_list.o(i.rt_rmv_dly)
    i.rt_rmv_list                            0x0000168c   Section        0  rt_list.o(i.rt_rmv_list)
    i.rt_sem_psh                             0x000016bc   Section        0  rt_semaphore.o(i.rt_sem_psh)
    i.rt_sem_send                            0x000016f0   Section        0  rt_semaphore.o(i.rt_sem_send)
    i.rt_sem_wait                            0x0000171c   Section        0  rt_semaphore.o(i.rt_sem_wait)
    i.rt_stk_check                           0x0000175c   Section        0  rt_system.o(i.rt_stk_check)
    i.rt_switch_req                          0x00001780   Section        0  rt_task.o(i.rt_switch_req)
    i.rt_sys_init                            0x000017a8   Section        0  rt_task.o(i.rt_sys_init)
    i.rt_sys_start                           0x00001874   Section        0  rt_task.o(i.rt_sys_start)
    i.rt_systick                             0x000018ec   Section        0  rt_system.o(i.rt_systick)
    i.rt_tid2ptcb                            0x0000192c   Section        0  rt_cmsis.o(i.rt_tid2ptcb)
    rt_tid2ptcb                              0x0000192d   Thumb Code    18  rt_cmsis.o(i.rt_tid2ptcb)
    i.rt_timer_insert                        0x00001940   Section        0  rt_cmsis.o(i.rt_timer_insert)
    rt_timer_insert                          0x00001941   Thumb Code    48  rt_cmsis.o(i.rt_timer_insert)
    i.rt_tsk_create                          0x00001974   Section        0  rt_task.o(i.rt_tsk_create)
    i.rt_tsk_delete                          0x000019fc   Section        0  rt_task.o(i.rt_tsk_delete)
    i.rt_tsk_prio                            0x00001b78   Section        0  rt_task.o(i.rt_tsk_prio)
    i.rt_tsk_self                            0x00001bf4   Section        0  rt_task.o(i.rt_tsk_self)
    i.semaphore_ThreadA                      0x00001c04   Section        0  main.o(i.semaphore_ThreadA)
    i.semaphore_ThreadB                      0x00001c38   Section        0  main.o(i.semaphore_ThreadB)
    i.semaphore_ThreadC                      0x00001c78   Section        0  main.o(i.semaphore_ThreadC)
    i.svcDelay                               0x00001cac   Section        0  rt_cmsis.o(i.svcDelay)
    i.svcKernelInitialize                    0x00001cc0   Section        0  rt_cmsis.o(i.svcKernelInitialize)
    i.svcKernelStart                         0x00001d30   Section        0  rt_cmsis.o(i.svcKernelStart)
    i.svcMessageCreate                       0x00001d78   Section        0  rt_cmsis.o(i.svcMessageCreate)
    i.svcMessageGet                          0x00001d9c   Section        0  rt_cmsis.o(i.svcMessageGet)
    i.svcMutexRelease                        0x00001dd6   Section        0  rt_cmsis.o(i.svcMutexRelease)
    i.svcMutexWait                           0x00001df8   Section        0  rt_cmsis.o(i.svcMutexWait)
    i.svcSemaphoreRelease                    0x00001e32   Section        0  rt_cmsis.o(i.svcSemaphoreRelease)
    i.svcSemaphoreWait                       0x00001e5a   Section        0  rt_cmsis.o(i.svcSemaphoreWait)
    i.svcThreadCreate                        0x00001e8c   Section        0  rt_cmsis.o(i.svcThreadCreate)
    i.svcThreadGetId                         0x00001ef8   Section        0  rt_cmsis.o(i.svcThreadGetId)
    i.svcThreadTerminate                     0x00001f14   Section        0  rt_cmsis.o(i.svcThreadTerminate)
    i.svcTimerCall                           0x00001f4c   Section        0  rt_cmsis.o(i.svcTimerCall)
    i.sysTimerTick                           0x00001f64   Section        0  rt_cmsis.o(i.sysTimerTick)
    .constdata                               0x00001fc0   Section      152  main.o(.constdata)
    .constdata                               0x00002058   Section       16  led_mcb1700.o(.constdata)
    LED_PIN                                  0x00002058   Data          16  led_mcb1700.o(.constdata)
    .constdata                               0x00002068   Section       10  joystick_mcb1700.o(.constdata)
    JOYSTICK_PIN                             0x00002068   Data          10  joystick_mcb1700.o(.constdata)
    .constdata                               0x00002074   Section      104  rtx_conf_cm.o(.constdata)
    __tagsym$$used                           0x00002090   Number         0  rtx_conf_cm.o(.constdata)
    __tagsym$$used                           0x00002094   Number         0  rtx_conf_cm.o(.constdata)
    __tagsym$$used                           0x00002098   Number         0  rtx_conf_cm.o(.constdata)
    __tagsym$$used                           0x0000209c   Number         0  rtx_conf_cm.o(.constdata)
    .data                                    0x10000000   Section       68  main.o(.data)
    .data                                    0x10000044   Section       16  rtx_conf_cm.o(.data)
    .data                                    0x10000054   Section        8  rt_cmsis.o(.data)
    .data                                    0x1000005c   Section        8  rt_task.o(.data)
    .data                                    0x10000064   Section        8  rt_system.o(.data)
    os_lock                                  0x10000064   Data           1  rt_system.o(.data)
    os_psh_flag                              0x10000065   Data           1  rt_system.o(.data)
    pend_flags                               0x10000066   Data           1  rt_system.o(.data)
    .data                                    0x1000006c   Section        4  rt_time.o(.data)
    .data                                    0x10000070   Section        1  hal_cm.o(.data)
    .data                                    0x10000074   Section        8  rt_robin.o(.data)
    .bss                                     0x1000007c   Section       16  main.o(.bss)
    .bss                                     0x10000090   Section     2216  rtx_conf_cm.o(.bss)
    .bss                                     0x10000938   Section       52  rt_task.o(.bss)
    .bss                                     0x1000096c   Section       48  rt_list.o(.bss)
    STACK                                    0x100009a0   Section      512  startup_lpc17xx.o(STACK)

    Global Symbols

    Symbol Name                              Value     Ov Type        Size  Object(Section)

    BuildAttributes$$THM_ISAv4$P$D$K$B$S$PE$A:L22UL41UL21$X:L11$S22US41US21$IEEE1$IW$USESV6$~STKCKD$USESV7$~SHL$OSPACE$ROPI$EBA8$MICROLIB$REQ8$PRES8$EABIv2 0x00000000   Number         0  anon$$obj.o ABSOLUTE
    __ARM_use_no_argv                        0x00000000   Number         0  main.o ABSOLUTE
    __Vectors                                0x00000000   Data           4  startup_lpc17xx.o(RESET)
    __cpp_initialize__aeabi_                  - Undefined Weak Reference
    __cxa_finalize                            - Undefined Weak Reference
    __decompress                              - Undefined Weak Reference
    _clock_init                               - Undefined Weak Reference
    _microlib_exit                            - Undefined Weak Reference
    __main                                   0x000000cd   Thumb Code     0  entry.o(.ARM.Collect$$$$00000000)
    _main_stk                                0x000000cd   Thumb Code     0  entry2.o(.ARM.Collect$$$$00000001)
    _main_scatterload                        0x000000d1   Thumb Code     0  entry5.o(.ARM.Collect$$$$00000004)
    __main_after_scatterload                 0x000000d5   Thumb Code     0  entry5.o(.ARM.Collect$$$$00000004)
    __rt_final_cpp                           0x000000d5   Thumb Code     0  entry10a.o(.ARM.Collect$$$$0000000D)
    __rt_final_exit                          0x000000d5   Thumb Code     0  entry11a.o(.ARM.Collect$$$$0000000F)
    _main_clock                              0x000000d5   Thumb Code     0  entry7b.o(.ARM.Collect$$$$00000008)
    _main_cpp_init                           0x000000d5   Thumb Code     0  entry8b.o(.ARM.Collect$$$$0000000A)
    _main_init                               0x000000d5   Thumb Code    18  rtx_conf_cm.o(.ARM.Collect$$$$000000FF)
    rt_set_PSP                               0x000000f1   Thumb Code     6  hal_cm3.o(.emb_text)
    rt_get_PSP                               0x000000f7   Thumb Code     6  hal_cm3.o(.emb_text)
    os_set_env                               0x000000fd   Thumb Code    24  hal_cm3.o(.emb_text)
    _alloc_box                               0x00000119   Thumb Code    28  hal_cm3.o(.emb_text)
    _free_box                                0x00000139   Thumb Code    28  hal_cm3.o(.emb_text)
    SVC_Handler                              0x00000159   Thumb Code   108  hal_cm3.o(.emb_text)
    PendSV_Handler                           0x000001d1   Thumb Code    56  hal_cm3.o(.emb_text)
    SysTick_Handler                          0x0000020d   Thumb Code     8  hal_cm3.o(.emb_text)
    OS_Tick_Handler                          0x00000215   Thumb Code    12  hal_cm3.o(.emb_text)
    Reset_Handler                            0x00000221   Thumb Code     8  startup_lpc17xx.o(.text)
    NMI_Handler                              0x00000229   Thumb Code     2  startup_lpc17xx.o(.text)
    HardFault_Handler                        0x0000022b   Thumb Code     2  startup_lpc17xx.o(.text)
    MemManage_Handler                        0x0000022d   Thumb Code     2  startup_lpc17xx.o(.text)
    BusFault_Handler                         0x0000022f   Thumb Code     2  startup_lpc17xx.o(.text)
    UsageFault_Handler                       0x00000231   Thumb Code     2  startup_lpc17xx.o(.text)
    DebugMon_Handler                         0x00000235   Thumb Code     2  startup_lpc17xx.o(.text)
    ADC_IRQHandler                           0x0000023b   Thumb Code     0  startup_lpc17xx.o(.text)
    BOD_IRQHandler                           0x0000023b   Thumb Code     0  startup_lpc17xx.o(.text)
    CANActivity_IRQHandler                   0x0000023b   Thumb Code     0  startup_lpc17xx.o(.text)
    CAN_IRQHandler                           0x0000023b   Thumb Code     0  startup_lpc17xx.o(.text)
    DMA_IRQHandler                           0x0000023b   Thumb Code     0  startup_lpc17xx.o(.text)
    EINT0_IRQHandler                         0x0000023b   Thumb Code     0  startup_lpc17xx.o(.text)
    EINT1_IRQHandler                         0x0000023b   Thumb Code     0  startup_lpc17xx.o(.text)
    EINT2_IRQHandler                         0x0000023b   Thumb Code     0  startup_lpc17xx.o(.text)
    EINT3_IRQHandler                         0x0000023b   Thumb Code     0  startup_lpc17xx.o(.text)
    ENET_IRQHandler                          0x0000023b   Thumb Code     0  startup_lpc17xx.o(.text)
    I2C0_IRQHandler                          0x0000023b   Thumb Code     0  startup_lpc17xx.o(.text)
    I2C1_IRQHandler                          0x0000023b   Thumb Code     0  startup_lpc17xx.o(.text)
    I2C2_IRQHandler                          0x0000023b   Thumb Code     0  startup_lpc17xx.o(.text)
    I2S_IRQHandler                           0x0000023b   Thumb Code     0  startup_lpc17xx.o(.text)
    MCPWM_IRQHandler                         0x0000023b   Thumb Code     0  startup_lpc17xx.o(.text)
    PLL0_IRQHandler                          0x0000023b   Thumb Code     0  startup_lpc17xx.o(.text)
    PLL1_IRQHandler                          0x0000023b   Thumb Code     0  startup_lpc17xx.o(.text)
    PWM1_IRQHandler                          0x0000023b   Thumb Code     0  startup_lpc17xx.o(.text)
    QEI_IRQHandler                           0x0000023b   Thumb Code     0  startup_lpc17xx.o(.text)
    RIT_IRQHandler                           0x0000023b   Thumb Code     0  startup_lpc17xx.o(.text)
    RTC_IRQHandler                           0x0000023b   Thumb Code     0  startup_lpc17xx.o(.text)
    SPI_IRQHandler                           0x0000023b   Thumb Code     0  startup_lpc17xx.o(.text)
    SSP0_IRQHandler                          0x0000023b   Thumb Code     0  startup_lpc17xx.o(.text)
    SSP1_IRQHandler                          0x0000023b   Thumb Code     0  startup_lpc17xx.o(.text)
    TIMER0_IRQHandler                        0x0000023b   Thumb Code     0  startup_lpc17xx.o(.text)
    TIMER1_IRQHandler                        0x0000023b   Thumb Code     0  startup_lpc17xx.o(.text)
    TIMER2_IRQHandler                        0x0000023b   Thumb Code     0  startup_lpc17xx.o(.text)
    TIMER3_IRQHandler                        0x0000023b   Thumb Code     0  startup_lpc17xx.o(.text)
    UART0_IRQHandler                         0x0000023b   Thumb Code     0  startup_lpc17xx.o(.text)
    UART1_IRQHandler                         0x0000023b   Thumb Code     0  startup_lpc17xx.o(.text)
    UART2_IRQHandler                         0x0000023b   Thumb Code     0  startup_lpc17xx.o(.text)
    UART3_IRQHandler                         0x0000023b   Thumb Code     0  startup_lpc17xx.o(.text)
    USBActivity_IRQHandler                   0x0000023b   Thumb Code     0  startup_lpc17xx.o(.text)
    USB_IRQHandler                           0x0000023b   Thumb Code     0  startup_lpc17xx.o(.text)
    WDT_IRQHandler                           0x0000023b   Thumb Code     0  startup_lpc17xx.o(.text)
    __scatterload                            0x00000245   Thumb Code    28  init.o(.text)
    __scatterload_rt2                        0x00000245   Thumb Code     0  init.o(.text)
    SVC_Count                                0x00000268   Data           4  svc_table.o(SVC_TABLE)
    GPIO_PinRead                             0x0000026d   Thumb Code    28  gpio_lpc17xx.o(i.GPIO_PinRead)
    SVC_Table                                0x0000026c   Data           0  svc_table.o(SVC_TABLE)
    GPIO_PinWrite                            0x0000028d   Thumb Code    36  gpio_lpc17xx.o(i.GPIO_PinWrite)
    GPIO_PortClock                           0x000002b5   Thumb Code    38  gpio_lpc17xx.o(i.GPIO_PortClock)
    __0printf$bare                           0x000002e1   Thumb Code     8  printfb.o(i.__0printf$bare)
    __1printf$bare                           0x000002e1   Thumb Code     0  printfb.o(i.__0printf$bare)
    __2printf                                0x000002e1   Thumb Code     0  printfb.o(i.__0printf$bare)
    __scatterload_null                       0x000002f1   Thumb Code     2  handlers.o(i.__scatterload_null)
    os_idle_demon                            0x000002f3   Thumb Code     4  rtx_conf_cm.o(i.os_idle_demon)
    os_tick_irqack                           0x000002f7   Thumb Code     2  rt_system.o(i.os_tick_irqack)
    GPIO_SetDir                              0x00000301   Thumb Code    52  gpio_lpc17xx.o(i.GPIO_SetDir)
    Joystick_GetState                        0x00000339   Thumb Code    88  joystick_mcb1700.o(i.Joystick_GetState)
    Joystick_Initialize                      0x00000395   Thumb Code    68  joystick_mcb1700.o(i.Joystick_Initialize)
    LED_Initialize                           0x000003dd   Thumb Code    88  led_mcb1700.o(i.LED_Initialize)
    PIN_Configure                            0x00000439   Thumb Code   246  pin_lpc17xx.o(i.PIN_Configure)
    __RL_RTX_VER                             0x00000482   Number         0  rt_system.o ABSOLUTE
    SystemInit                               0x00000535   Thumb Code   302  system_lpc17xx.o(i.SystemInit)
    __scatterload_copy                       0x00000675   Thumb Code    14  handlers.o(i.__scatterload_copy)
    __scatterload_zeroinit                   0x00000683   Thumb Code    14  handlers.o(i.__scatterload_zeroinit)
    _init_box                                0x00000691   Thumb Code    70  rt_membox.o(i._init_box)
    dbg_init                                 0x000006f9   Thumb Code    34  hal_cm.o(i.dbg_init)
    dbg_task_notify                          0x00000729   Thumb Code    32  hal_cm.o(i.dbg_task_notify)
    dbg_task_switch                          0x00000749   Thumb Code    16  hal_cm.o(i.dbg_task_switch)
    fputc                                    0x00000759   Thumb Code    30  main.o(i.fputc)
    isrMessageGet                            0x0000077d   Thumb Code    42  rt_cmsis.o(i.isrMessageGet)
    isrMessagePut                            0x000007a7   Thumb Code    44  rt_cmsis.o(i.isrMessagePut)
    isrSemaphoreRelease                      0x000007d3   Thumb Code    40  rt_cmsis.o(i.isrSemaphoreRelease)
    isr_mbx_receive                          0x000007fd   Thumb Code    86  rt_mailbox.o(i.isr_mbx_receive)
    isr_mbx_send                             0x00000853   Thumb Code    14  rt_mailbox.o(i.isr_mbx_send)
    isr_sem_send                             0x00000861   Thumb Code    16  rt_semaphore.o(i.isr_sem_send)
    main                                     0x00000871   Thumb Code   232  main.o(i.main)
    mutex_ThreadA                            0x00000aad   Thumb Code    46  main.o(i.mutex_ThreadA)
    mutex_ThreadB                            0x00000ae1   Thumb Code    44  main.o(i.mutex_ThreadB)
    mutex_ThreadC                            0x00000b15   Thumb Code    44  main.o(i.mutex_ThreadC)
    osDelay                                  0x00000b49   Thumb Code    18  rt_cmsis.o(i.osDelay)
    osKernelInitialize                       0x00000b61   Thumb Code    30  rt_cmsis.o(i.osKernelInitialize)
    osKernelStart                            0x00000b85   Thumb Code    98  rt_cmsis.o(i.osKernelStart)
    osMessageGet                             0x00000bf1   Thumb Code    18  rt_cmsis.o(i.osMessageGet)
    osMutexRelease                           0x00000c09   Thumb Code    18  rt_cmsis.o(i.osMutexRelease)
    osMutexWait                              0x00000c21   Thumb Code    18  rt_cmsis.o(i.osMutexWait)
    osSemaphoreRelease                       0x00000c39   Thumb Code    18  rt_cmsis.o(i.osSemaphoreRelease)
    osSemaphoreWait                          0x00000c51   Thumb Code    20  rt_cmsis.o(i.osSemaphoreWait)
    osThreadCreate                           0x00000c69   Thumb Code    36  rt_cmsis.o(i.osThreadCreate)
    osThreadExit                             0x00000c95   Thumb Code    14  rt_cmsis.o(i.osThreadExit)
    osTimerCall                              0x00000cad   Thumb Code     8  rt_cmsis.o(i.osTimerCall)
    osTimerThread                            0x00000cb9   Thumb Code    38  rt_cmsis.o(i.osTimerThread)
    os_error                                 0x00000ce5   Thumb Code    34  rtx_conf_cm.o(i.os_error)
    os_tick_init                             0x00000d09   Thumb Code    32  rt_system.o(i.os_tick_init)
    resemble_semaphore_ThreadA               0x00000d31   Thumb Code    46  main.o(i.resemble_semaphore_ThreadA)
    resemble_semaphore_ThreadB               0x00000d69   Thumb Code    48  main.o(i.resemble_semaphore_ThreadB)
    resemble_semaphore_ThreadC               0x00000d9d   Thumb Code    48  main.o(i.resemble_semaphore_ThreadC)
    rt_alloc_box                             0x00000dd5   Thumb Code    26  rt_membox.o(i.rt_alloc_box)
    rt_alloc_mem                             0x00000def   Thumb Code    62  rt_memory.o(i.rt_alloc_mem)
    rt_block                                 0x00000e2d   Thumb Code    48  rt_task.o(i.rt_block)
    rt_chk_robin                             0x00000e65   Thumb Code    60  rt_robin.o(i.rt_chk_robin)
    rt_dec_dly                               0x00000ead   Thumb Code   102  rt_list.o(i.rt_dec_dly)
    rt_dispatch                              0x00000f1d   Thumb Code    60  rt_task.o(i.rt_dispatch)
    rt_dly_wait                              0x00000f61   Thumb Code     6  rt_time.o(i.rt_dly_wait)
    rt_evt_psh                               0x00000f69   Thumb Code    76  rt_event.o(i.rt_evt_psh)
    rt_free_box                              0x00000fb9   Thumb Code    44  rt_membox.o(i.rt_free_box)
    rt_free_mem                              0x00000fe5   Thumb Code    40  rt_memory.o(i.rt_free_mem)
    rt_get_first                             0x0000100d   Thumb Code    40  rt_list.o(i.rt_get_first)
    rt_init_mem                              0x00001085   Thumb Code    26  rt_memory.o(i.rt_init_mem)
    rt_init_robin                            0x000010a1   Thumb Code    14  rt_robin.o(i.rt_init_robin)
    rt_init_stack                            0x000010b9   Thumb Code   118  hal_cm.o(i.rt_init_stack)
    rt_mbx_check                             0x00001139   Thumb Code     8  rt_mailbox.o(i.rt_mbx_check)
    rt_mbx_init                              0x00001141   Thumb Code    26  rt_mailbox.o(i.rt_mbx_init)
    rt_mbx_psh                               0x0000115d   Thumb Code   236  rt_mailbox.o(i.rt_mbx_psh)
    rt_mbx_wait                              0x0000124d   Thumb Code   174  rt_mailbox.o(i.rt_mbx_wait)
    rt_mut_release                           0x00001345   Thumb Code   208  rt_mutex.o(i.rt_mut_release)
    rt_mut_wait                              0x0000141d   Thumb Code   114  rt_mutex.o(i.rt_mut_wait)
    rt_pop_req                               0x00001495   Thumb Code   112  rt_system.o(i.rt_pop_req)
    rt_psh_req                               0x00001511   Thumb Code    22  rt_system.o(i.rt_psh_req)
    rt_psq_enq                               0x00001531   Thumb Code    88  rt_list.o(i.rt_psq_enq)
    rt_put_dly                               0x0000158d   Thumb Code    68  rt_list.o(i.rt_put_dly)
    rt_put_prio                              0x000015d5   Thumb Code    54  rt_list.o(i.rt_put_prio)
    rt_put_rdy_first                         0x0000160d   Thumb Code    14  rt_list.o(i.rt_put_rdy_first)
    rt_resort_prio                           0x00001621   Thumb Code    46  rt_list.o(i.rt_resort_prio)
    rt_ret_val                               0x00001655   Thumb Code     6  hal_cm.o(i.rt_ret_val)
    rt_ret_val2                              0x0000165b   Thumb Code     8  hal_cm.o(i.rt_ret_val2)
    rt_rmv_dly                               0x00001663   Thumb Code    40  rt_list.o(i.rt_rmv_dly)
    rt_rmv_list                              0x0000168d   Thumb Code    44  rt_list.o(i.rt_rmv_list)
    rt_sem_psh                               0x000016bd   Thumb Code    48  rt_semaphore.o(i.rt_sem_psh)
    rt_sem_send                              0x000016f1   Thumb Code    42  rt_semaphore.o(i.rt_sem_send)
    rt_sem_wait                              0x0000171d   Thumb Code    58  rt_semaphore.o(i.rt_sem_wait)
    rt_stk_check                             0x0000175d   Thumb Code    28  rt_system.o(i.rt_stk_check)
    rt_switch_req                            0x00001781   Thumb Code    30  rt_task.o(i.rt_switch_req)
    rt_sys_init                              0x000017a9   Thumb Code   138  rt_task.o(i.rt_sys_init)
    rt_sys_start                             0x00001875   Thumb Code   110  rt_task.o(i.rt_sys_start)
    rt_systick                               0x000018ed   Thumb Code    50  rt_system.o(i.rt_systick)
    rt_tsk_create                            0x00001975   Thumb Code   118  rt_task.o(i.rt_tsk_create)
    rt_tsk_delete                            0x000019fd   Thumb Code   352  rt_task.o(i.rt_tsk_delete)
    rt_tsk_prio                              0x00001b79   Thumb Code   108  rt_task.o(i.rt_tsk_prio)
    rt_tsk_self                              0x00001bf5   Thumb Code    12  rt_task.o(i.rt_tsk_self)
    semaphore_ThreadA                        0x00001c05   Thumb Code    44  main.o(i.semaphore_ThreadA)
    semaphore_ThreadB                        0x00001c39   Thumb Code    56  main.o(i.semaphore_ThreadB)
    semaphore_ThreadC                        0x00001c79   Thumb Code    46  main.o(i.semaphore_ThreadC)
    svcDelay                                 0x00001cad   Thumb Code    18  rt_cmsis.o(i.svcDelay)
    svcKernelInitialize                      0x00001cc1   Thumb Code    80  rt_cmsis.o(i.svcKernelInitialize)
    svcKernelStart                           0x00001d31   Thumb Code    62  rt_cmsis.o(i.svcKernelStart)
    svcMessageCreate                         0x00001d79   Thumb Code    36  rt_cmsis.o(i.svcMessageCreate)
    svcMessageGet                            0x00001d9d   Thumb Code    58  rt_cmsis.o(i.svcMessageGet)
    svcMutexRelease                          0x00001dd7   Thumb Code    34  rt_cmsis.o(i.svcMutexRelease)
    svcMutexWait                             0x00001df9   Thumb Code    58  rt_cmsis.o(i.svcMutexWait)
    svcSemaphoreRelease                      0x00001e33   Thumb Code    40  rt_cmsis.o(i.svcSemaphoreRelease)
    svcSemaphoreWait                         0x00001e5b   Thumb Code    50  rt_cmsis.o(i.svcSemaphoreWait)
    svcThreadCreate                          0x00001e8d   Thumb Code    96  rt_cmsis.o(i.svcThreadCreate)
    svcThreadGetId                           0x00001ef9   Thumb Code    22  rt_cmsis.o(i.svcThreadGetId)
    svcThreadTerminate                       0x00001f15   Thumb Code    50  rt_cmsis.o(i.svcThreadTerminate)
    svcTimerCall                             0x00001f4d   Thumb Code    24  rt_cmsis.o(i.svcTimerCall)
    sysTimerTick                             0x00001f65   Thumb Code    84  rt_cmsis.o(i.sysTimerTick)
    os_thread_def_semaphore_ThreadA          0x00001fc0   Data          16  main.o(.constdata)
    os_thread_def_semaphore_ThreadB          0x00001fd0   Data          16  main.o(.constdata)
    os_thread_def_semaphore_ThreadC          0x00001fe0   Data          16  main.o(.constdata)
    os_semaphore_def_semaphore               0x00001ff0   Data           4  main.o(.constdata)
    os_thread_def_mutex_ThreadA              0x00001ff4   Data          16  main.o(.constdata)
    os_thread_def_mutex_ThreadB              0x00002004   Data          16  main.o(.constdata)
    os_thread_def_mutex_ThreadC              0x00002014   Data          16  main.o(.constdata)
    os_mutex_def_mutex                       0x00002024   Data           4  main.o(.constdata)
    os_thread_def_resemble_semaphore_ThreadA 0x00002028   Data          16  main.o(.constdata)
    os_thread_def_resemble_semaphore_ThreadB 0x00002038   Data          16  main.o(.constdata)
    os_thread_def_resemble_semaphore_ThreadC 0x00002048   Data          16  main.o(.constdata)
    os_maxtaskrun                            0x00002074   Data           2  rtx_conf_cm.o(.constdata)
    os_stackinfo                             0x00002078   Data           4  rtx_conf_cm.o(.constdata)
    os_rrobin                                0x0000207c   Data           4  rtx_conf_cm.o(.constdata)
    os_tickfreq                              0x00002080   Data           4  rtx_conf_cm.o(.constdata)
    os_tickus_i                              0x00002084   Data           2  rtx_conf_cm.o(.constdata)
    os_tickus_f                              0x00002086   Data           2  rtx_conf_cm.o(.constdata)
    os_trv                                   0x00002088   Data           4  rtx_conf_cm.o(.constdata)
    os_flags                                 0x0000208c   Data           1  rtx_conf_cm.o(.constdata)
    CMSIS_RTOS_API_Version                   0x00002090   Data           4  rtx_conf_cm.o(.constdata)
    CMSIS_RTOS_RTX_Version                   0x00002094   Data           4  rtx_conf_cm.o(.constdata)
    os_clockrate                             0x00002098   Data           4  rtx_conf_cm.o(.constdata)
    os_timernum                              0x0000209c   Data           4  rtx_conf_cm.o(.constdata)
    mp_tcb_size                              0x000020a0   Data           2  rtx_conf_cm.o(.constdata)
    mp_stk_size                              0x000020a4   Data           4  rtx_conf_cm.o(.constdata)
    os_stack_sz                              0x000020a8   Data           4  rtx_conf_cm.o(.constdata)
    os_fifo_size                             0x000020ac   Data           1  rtx_conf_cm.o(.constdata)
    os_thread_def_osTimerThread              0x000020b0   Data          16  rtx_conf_cm.o(.constdata)
    os_messageQ_def_osTimerMessageQ          0x000020c0   Data           8  rtx_conf_cm.o(.constdata)
    mp_tmr_size                              0x000020c8   Data           2  rtx_conf_cm.o(.constdata)
    os_thread_def_main                       0x000020cc   Data          16  rtx_conf_cm.o(.constdata)
    Region$$Table$$Base                      0x000020dc   Number         0  anon$$obj.o(Region$$Table)
    Region$$Table$$Limit                     0x000020fc   Number         0  anon$$obj.o(Region$$Table)
    __stdout                                 0x10000000   Data           4  main.o(.data)
    __stdin                                  0x10000004   Data           4  main.o(.data)
    JoystickState                            0x10000008   Data           2  main.o(.data)
    os_semaphore_cb_semaphore                0x1000000c   Data           8  main.o(.data)
    semaphore_id                             0x10000014   Data           4  main.o(.data)
    T_semaphore_IDA                          0x10000018   Data           4  main.o(.data)
    T_semaphore_IDB                          0x1000001c   Data           4  main.o(.data)
    T_semaphore_IDC                          0x10000020   Data           4  main.o(.data)
    mutex_id                                 0x10000024   Data           4  main.o(.data)
    T_mutex_IDA                              0x10000028   Data           4  main.o(.data)
    T_mutex_IDB                              0x1000002c   Data           4  main.o(.data)
    T_mutex_IDC                              0x10000030   Data           4  main.o(.data)
    T_resemble_semaphore_IDA                 0x10000034   Data           4  main.o(.data)
    T_resemble_semaphore_IDB                 0x10000038   Data           4  main.o(.data)
    T_resemble_semaphore_IDC                 0x1000003c   Data           4  main.o(.data)
    resemble_semaphore_token                 0x10000040   Data           4  main.o(.data)
    osThreadId_osTimerThread                 0x10000044   Data           4  rtx_conf_cm.o(.data)
    osMessageQId_osTimerMessageQ             0x10000048   Data           4  rtx_conf_cm.o(.data)
    os_tmr                                   0x1000004c   Data           4  rtx_conf_cm.o(.data)
    m_tmr                                    0x10000050   Data           4  rtx_conf_cm.o(.data)
    os_initialized                           0x10000054   Data           1  rt_cmsis.o(.data)
    os_running                               0x10000055   Data           1  rt_cmsis.o(.data)
    os_timer_head                            0x10000058   Data           4  rt_cmsis.o(.data)
    os_tsk                                   0x1000005c   Data           8  rt_task.o(.data)
    os_tick_irqn                             0x10000068   Data           4  rt_system.o(.data)
    os_time                                  0x1000006c   Data           4  rt_time.o(.data)
    dbg_msg                                  0x10000070   Data           1  hal_cm.o(.data)
    os_robin                                 0x10000074   Data           8  rt_robin.o(.data)
    os_mutex_cb_mutex                        0x1000007c   Data          16  main.o(.bss)
    mp_tcb                                   0x10000090   Data         376  rtx_conf_cm.o(.bss)
    mp_stk                                   0x10000208   Data        1216  rtx_conf_cm.o(.bss)
    os_stack_mem                             0x100006c8   Data         432  rtx_conf_cm.o(.bss)
    os_fifo                                  0x10000878   Data         132  rtx_conf_cm.o(.bss)
    os_active_TCB                            0x100008fc   Data          28  rtx_conf_cm.o(.bss)
    os_messageQ_q_osTimerMessageQ            0x10000918   Data          32  rtx_conf_cm.o(.bss)
    os_idle_TCB                              0x10000938   Data          52  rt_task.o(.bss)
    os_rdy                                   0x1000096c   Data          24  rt_list.o(.bss)
    os_dly                                   0x10000984   Data          24  rt_list.o(.bss)
    __initial_sp                             0x10000ba0   Data           0  startup_lpc17xx.o(STACK)



==============================================================================

Memory Map of the image

  Image Entry point : 0x00000221

  Load Region LR_1 (Base: 0x00000000, Size: 0x00002178, Max: 0xffffffff, ABSOLUTE)

    Execution Region ER_RO (Exec base: 0x00000000, Load base: 0x00000000, Size: 0x000020fc, Max: 0xffffffff, ABSOLUTE)

    Exec Addr    Load Addr    Size         Type   Attr      Idx    E Section Name        Object

    0x00000000   0x00000000   0x000000cc   Data   RO          370    RESET               startup_lpc17xx.o
    0x000000cc   0x000000cc   0x00000000   Code   RO         1625  * .ARM.Collect$$$$00000000  mc_w.l(entry.o)
    0x000000cc   0x000000cc   0x00000004   Code   RO         1898    .ARM.Collect$$$$00000001  mc_w.l(entry2.o)
    0x000000d0   0x000000d0   0x00000004   Code   RO         1901    .ARM.Collect$$$$00000004  mc_w.l(entry5.o)
    0x000000d4   0x000000d4   0x00000000   Code   RO         1903    .ARM.Collect$$$$00000008  mc_w.l(entry7b.o)
    0x000000d4   0x000000d4   0x00000000   Code   RO         1905    .ARM.Collect$$$$0000000A  mc_w.l(entry8b.o)
    0x000000d4   0x000000d4   0x00000000   Code   RO         1906    .ARM.Collect$$$$0000000D  mc_w.l(entry10a.o)
    0x000000d4   0x000000d4   0x00000000   Code   RO         1908    .ARM.Collect$$$$0000000F  mc_w.l(entry11a.o)
    0x000000d4   0x000000d4   0x00000018   Code   RO          243    .ARM.Collect$$$$000000FF  rtx_conf_cm.o
    0x000000ec   0x000000ec   0x00000004   Code   RO         1899    .ARM.Collect$$$$00002712  mc_w.l(entry2.o)
    0x000000f0   0x000000f0   0x00000130   Code   RO         1612    .emb_text           RTX_CM3.lib(hal_cm3.o)
    0x00000220   0x00000220   0x00000024   Code   RO          372  * .text               startup_lpc17xx.o
    0x00000244   0x00000244   0x00000024   Code   RO         1927    .text               mc_w.l(init.o)
    0x00000268   0x00000268   0x00000004   Code   RO         1622    SVC_TABLE           RTX_CM3.lib(svc_table.o)
    0x0000026c   0x0000026c   0x00000020   Code   RO          281    i.GPIO_PinRead      gpio_lpc17xx.o
    0x0000028c   0x0000028c   0x00000028   Code   RO          282    i.GPIO_PinWrite     gpio_lpc17xx.o
    0x000002b4   0x000002b4   0x0000002c   Code   RO          283    i.GPIO_PortClock    gpio_lpc17xx.o
    0x000002e0   0x000002e0   0x00000010   Code   RO         1631    i.__0printf$bare    mc_w.l(printfb.o)
    0x000002f0   0x000002f0   0x00000002   Code   RO         1932    i.__scatterload_null  mc_w.l(handlers.o)
    0x000002f2   0x000002f2   0x00000004   Code   RO          245    i.os_idle_demon     rtx_conf_cm.o
    0x000002f6   0x000002f6   0x00000002   Code   RO         1125    i.os_tick_irqack    RTX_CM3.lib(rt_system.o)
    0x000002f8   0x000002f8   0x00000004   PAD
    0x000002fc   0x000002fc   0x00000004   Code   RO          371    .ARM.__at_0x02FC    startup_lpc17xx.o
    0x00000300   0x00000300   0x00000038   Code   RO          286    i.GPIO_SetDir       gpio_lpc17xx.o
    0x00000338   0x00000338   0x0000005c   Code   RO          208    i.Joystick_GetState  joystick_mcb1700.o
    0x00000394   0x00000394   0x00000048   Code   RO          209    i.Joystick_Initialize  joystick_mcb1700.o
    0x000003dc   0x000003dc   0x0000005c   Code   RO          120    i.LED_Initialize    led_mcb1700.o
    0x00000438   0x00000438   0x000000fc   Code   RO          335    i.PIN_Configure     pin_lpc17xx.o
    0x00000534   0x00000534   0x00000140   Code   RO          382    i.SystemInit        system_lpc17xx.o
    0x00000674   0x00000674   0x0000000e   Code   RO         1931    i.__scatterload_copy  mc_w.l(handlers.o)
    0x00000682   0x00000682   0x0000000e   Code   RO         1933    i.__scatterload_zeroinit  mc_w.l(handlers.o)
    0x00000690   0x00000690   0x00000046   Code   RO         1490    i._init_box         RTX_CM3.lib(rt_membox.o)
    0x000006d6   0x000006d6   0x00000022   Code   RO         1638    i._printf_core      mc_w.l(printfb.o)
    0x000006f8   0x000006f8   0x00000030   Code   RO         1543    i.dbg_init          RTX_CM3.lib(hal_cm.o)
    0x00000728   0x00000728   0x00000020   Code   RO         1544    i.dbg_task_notify   RTX_CM3.lib(hal_cm.o)
    0x00000748   0x00000748   0x00000010   Code   RO         1545    i.dbg_task_switch   RTX_CM3.lib(hal_cm.o)
    0x00000758   0x00000758   0x00000024   Code   RO            3    i.fputc             main.o
    0x0000077c   0x0000077c   0x0000002a   Code   RO          417    i.isrMessageGet     RTX_CM3.lib(rt_cmsis.o)
    0x000007a6   0x000007a6   0x0000002c   Code   RO          418    i.isrMessagePut     RTX_CM3.lib(rt_cmsis.o)
    0x000007d2   0x000007d2   0x00000028   Code   RO          419    i.isrSemaphoreRelease  RTX_CM3.lib(rt_cmsis.o)
    0x000007fa   0x000007fa   0x00000002   PAD
    0x000007fc   0x000007fc   0x00000056   Code   RO         1336    i.isr_mbx_receive   RTX_CM3.lib(rt_mailbox.o)
    0x00000852   0x00000852   0x0000000e   Code   RO         1337    i.isr_mbx_send      RTX_CM3.lib(rt_mailbox.o)
    0x00000860   0x00000860   0x00000010   Code   RO         1384    i.isr_sem_send      RTX_CM3.lib(rt_semaphore.o)
    0x00000870   0x00000870   0x0000023c   Code   RO            4    i.main              main.o
    0x00000aac   0x00000aac   0x00000034   Code   RO            5    i.mutex_ThreadA     main.o
    0x00000ae0   0x00000ae0   0x00000034   Code   RO            6    i.mutex_ThreadB     main.o
    0x00000b14   0x00000b14   0x00000034   Code   RO            7    i.mutex_ThreadC     main.o
    0x00000b48   0x00000b48   0x00000018   Code   RO          421    i.osDelay           RTX_CM3.lib(rt_cmsis.o)
    0x00000b60   0x00000b60   0x00000024   Code   RO          422    i.osKernelInitialize  RTX_CM3.lib(rt_cmsis.o)
    0x00000b84   0x00000b84   0x0000006c   Code   RO          424    i.osKernelStart     RTX_CM3.lib(rt_cmsis.o)
    0x00000bf0   0x00000bf0   0x00000018   Code   RO          433    i.osMessageGet      RTX_CM3.lib(rt_cmsis.o)
    0x00000c08   0x00000c08   0x00000018   Code   RO          437    i.osMutexRelease    RTX_CM3.lib(rt_cmsis.o)
    0x00000c20   0x00000c20   0x00000018   Code   RO          438    i.osMutexWait       RTX_CM3.lib(rt_cmsis.o)
    0x00000c38   0x00000c38   0x00000018   Code   RO          445    i.osSemaphoreRelease  RTX_CM3.lib(rt_cmsis.o)
    0x00000c50   0x00000c50   0x00000018   Code   RO          446    i.osSemaphoreWait   RTX_CM3.lib(rt_cmsis.o)
    0x00000c68   0x00000c68   0x0000002c   Code   RO          450    i.osThreadCreate    RTX_CM3.lib(rt_cmsis.o)
    0x00000c94   0x00000c94   0x00000018   Code   RO          451    i.osThreadExit      RTX_CM3.lib(rt_cmsis.o)
    0x00000cac   0x00000cac   0x0000000c   Code   RO          457    i.osTimerCall       RTX_CM3.lib(rt_cmsis.o)
    0x00000cb8   0x00000cb8   0x0000002c   Code   RO          462    i.osTimerThread     RTX_CM3.lib(rt_cmsis.o)
    0x00000ce4   0x00000ce4   0x00000022   Code   RO          244    i.os_error          rtx_conf_cm.o
    0x00000d06   0x00000d06   0x00000002   PAD
    0x00000d08   0x00000d08   0x00000028   Code   RO         1124    i.os_tick_init      RTX_CM3.lib(rt_system.o)
    0x00000d30   0x00000d30   0x00000038   Code   RO            8    i.resemble_semaphore_ThreadA  main.o
    0x00000d68   0x00000d68   0x00000034   Code   RO            9    i.resemble_semaphore_ThreadB  main.o
    0x00000d9c   0x00000d9c   0x00000038   Code   RO           10    i.resemble_semaphore_ThreadC  main.o
    0x00000dd4   0x00000dd4   0x0000001a   Code   RO         1491    i.rt_alloc_box      RTX_CM3.lib(rt_membox.o)
    0x00000dee   0x00000dee   0x0000003e   Code   RO         1519    i.rt_alloc_mem      RTX_CM3.lib(rt_memory.o)
    0x00000e2c   0x00000e2c   0x00000038   Code   RO         1039    i.rt_block          RTX_CM3.lib(rt_task.o)
    0x00000e64   0x00000e64   0x00000048   Code   RO         1591    i.rt_chk_robin      RTX_CM3.lib(rt_robin.o)
    0x00000eac   0x00000eac   0x00000070   Code   RO         1260    i.rt_dec_dly        RTX_CM3.lib(rt_list.o)
    0x00000f1c   0x00000f1c   0x00000044   Code   RO         1040    i.rt_dispatch       RTX_CM3.lib(rt_task.o)
    0x00000f60   0x00000f60   0x00000006   Code   RO         1426    i.rt_dly_wait       RTX_CM3.lib(rt_time.o)
    0x00000f66   0x00000f66   0x00000002   PAD
    0x00000f68   0x00000f68   0x00000050   Code   RO         1217    i.rt_evt_psh        RTX_CM3.lib(rt_event.o)
    0x00000fb8   0x00000fb8   0x0000002c   Code   RO         1492    i.rt_free_box       RTX_CM3.lib(rt_membox.o)
    0x00000fe4   0x00000fe4   0x00000028   Code   RO         1520    i.rt_free_mem       RTX_CM3.lib(rt_memory.o)
    0x0000100c   0x0000100c   0x00000028   Code   RO         1261    i.rt_get_first      RTX_CM3.lib(rt_list.o)
    0x00001034   0x00001034   0x00000008   Code   RO          467    i.rt_id2obj         RTX_CM3.lib(rt_cmsis.o)
    0x0000103c   0x0000103c   0x00000048   Code   RO         1041    i.rt_init_context   RTX_CM3.lib(rt_task.o)
    0x00001084   0x00001084   0x0000001a   Code   RO         1521    i.rt_init_mem       RTX_CM3.lib(rt_memory.o)
    0x0000109e   0x0000109e   0x00000002   PAD
    0x000010a0   0x000010a0   0x00000018   Code   RO         1592    i.rt_init_robin     RTX_CM3.lib(rt_robin.o)
    0x000010b8   0x000010b8   0x00000080   Code   RO         1546    i.rt_init_stack     RTX_CM3.lib(hal_cm.o)
    0x00001138   0x00001138   0x00000008   Code   RO         1338    i.rt_mbx_check      RTX_CM3.lib(rt_mailbox.o)
    0x00001140   0x00001140   0x0000001a   Code   RO         1339    i.rt_mbx_init       RTX_CM3.lib(rt_mailbox.o)
    0x0000115a   0x0000115a   0x00000002   PAD
    0x0000115c   0x0000115c   0x000000f0   Code   RO         1340    i.rt_mbx_psh        RTX_CM3.lib(rt_mailbox.o)
    0x0000124c   0x0000124c   0x000000b4   Code   RO         1342    i.rt_mbx_wait       RTX_CM3.lib(rt_mailbox.o)
    0x00001300   0x00001300   0x00000044   Code   RO          468    i.rt_ms2tick        RTX_CM3.lib(rt_cmsis.o)
    0x00001344   0x00001344   0x000000d8   Code   RO         1461    i.rt_mut_release    RTX_CM3.lib(rt_mutex.o)
    0x0000141c   0x0000141c   0x00000078   Code   RO         1462    i.rt_mut_wait       RTX_CM3.lib(rt_mutex.o)
    0x00001494   0x00001494   0x0000007c   Code   RO         1128    i.rt_pop_req        RTX_CM3.lib(rt_system.o)
    0x00001510   0x00001510   0x00000020   Code   RO         1129    i.rt_psh_req        RTX_CM3.lib(rt_system.o)
    0x00001530   0x00001530   0x0000005c   Code   RO         1263    i.rt_psq_enq        RTX_CM3.lib(rt_list.o)
    0x0000158c   0x0000158c   0x00000048   Code   RO         1264    i.rt_put_dly        RTX_CM3.lib(rt_list.o)
    0x000015d4   0x000015d4   0x00000036   Code   RO         1265    i.rt_put_prio       RTX_CM3.lib(rt_list.o)
    0x0000160a   0x0000160a   0x00000002   PAD
    0x0000160c   0x0000160c   0x00000014   Code   RO         1266    i.rt_put_rdy_first  RTX_CM3.lib(rt_list.o)
    0x00001620   0x00001620   0x00000034   Code   RO         1267    i.rt_resort_prio    RTX_CM3.lib(rt_list.o)
    0x00001654   0x00001654   0x00000006   Code   RO         1547    i.rt_ret_val        RTX_CM3.lib(hal_cm.o)
    0x0000165a   0x0000165a   0x00000008   Code   RO         1548    i.rt_ret_val2       RTX_CM3.lib(hal_cm.o)
    0x00001662   0x00001662   0x00000028   Code   RO         1268    i.rt_rmv_dly        RTX_CM3.lib(rt_list.o)
    0x0000168a   0x0000168a   0x00000002   PAD
    0x0000168c   0x0000168c   0x00000030   Code   RO         1269    i.rt_rmv_list       RTX_CM3.lib(rt_list.o)
    0x000016bc   0x000016bc   0x00000034   Code   RO         1387    i.rt_sem_psh        RTX_CM3.lib(rt_semaphore.o)
    0x000016f0   0x000016f0   0x0000002a   Code   RO         1388    i.rt_sem_send       RTX_CM3.lib(rt_semaphore.o)
    0x0000171a   0x0000171a   0x00000002   PAD
    0x0000171c   0x0000171c   0x00000040   Code   RO         1389    i.rt_sem_wait       RTX_CM3.lib(rt_semaphore.o)
    0x0000175c   0x0000175c   0x00000024   Code   RO         1131    i.rt_stk_check      RTX_CM3.lib(rt_system.o)
    0x00001780   0x00001780   0x00000028   Code   RO         1042    i.rt_switch_req     RTX_CM3.lib(rt_task.o)
    0x000017a8   0x000017a8   0x000000cc   Code   RO         1043    i.rt_sys_init       RTX_CM3.lib(rt_task.o)
    0x00001874   0x00001874   0x00000078   Code   RO         1044    i.rt_sys_start      RTX_CM3.lib(rt_task.o)
    0x000018ec   0x000018ec   0x00000040   Code   RO         1133    i.rt_systick        RTX_CM3.lib(rt_system.o)
    0x0000192c   0x0000192c   0x00000012   Code   RO          469    i.rt_tid2ptcb       RTX_CM3.lib(rt_cmsis.o)
    0x0000193e   0x0000193e   0x00000002   PAD
    0x00001940   0x00001940   0x00000034   Code   RO          470    i.rt_timer_insert   RTX_CM3.lib(rt_cmsis.o)
    0x00001974   0x00001974   0x00000088   Code   RO         1045    i.rt_tsk_create     RTX_CM3.lib(rt_task.o)
    0x000019fc   0x000019fc   0x0000017c   Code   RO         1046    i.rt_tsk_delete     RTX_CM3.lib(rt_task.o)
    0x00001b78   0x00001b78   0x0000007c   Code   RO         1048    i.rt_tsk_prio       RTX_CM3.lib(rt_task.o)
    0x00001bf4   0x00001bf4   0x00000010   Code   RO         1049    i.rt_tsk_self       RTX_CM3.lib(rt_task.o)
    0x00001c04   0x00001c04   0x00000034   Code   RO           11    i.semaphore_ThreadA  main.o
    0x00001c38   0x00001c38   0x00000040   Code   RO           12    i.semaphore_ThreadB  main.o
    0x00001c78   0x00001c78   0x00000034   Code   RO           13    i.semaphore_ThreadC  main.o
    0x00001cac   0x00001cac   0x00000012   Code   RO          472    i.svcDelay          RTX_CM3.lib(rt_cmsis.o)
    0x00001cbe   0x00001cbe   0x00000002   PAD
    0x00001cc0   0x00001cc0   0x00000070   Code   RO          473    i.svcKernelInitialize  RTX_CM3.lib(rt_cmsis.o)
    0x00001d30   0x00001d30   0x00000048   Code   RO          475    i.svcKernelStart    RTX_CM3.lib(rt_cmsis.o)
    0x00001d78   0x00001d78   0x00000024   Code   RO          478    i.svcMessageCreate  RTX_CM3.lib(rt_cmsis.o)
    0x00001d9c   0x00001d9c   0x0000003a   Code   RO          479    i.svcMessageGet     RTX_CM3.lib(rt_cmsis.o)
    0x00001dd6   0x00001dd6   0x00000022   Code   RO          483    i.svcMutexRelease   RTX_CM3.lib(rt_cmsis.o)
    0x00001df8   0x00001df8   0x0000003a   Code   RO          484    i.svcMutexWait      RTX_CM3.lib(rt_cmsis.o)
    0x00001e32   0x00001e32   0x00000028   Code   RO          488    i.svcSemaphoreRelease  RTX_CM3.lib(rt_cmsis.o)
    0x00001e5a   0x00001e5a   0x00000032   Code   RO          489    i.svcSemaphoreWait  RTX_CM3.lib(rt_cmsis.o)
    0x00001e8c   0x00001e8c   0x0000006c   Code   RO          493    i.svcThreadCreate   RTX_CM3.lib(rt_cmsis.o)
    0x00001ef8   0x00001ef8   0x0000001c   Code   RO          494    i.svcThreadGetId    RTX_CM3.lib(rt_cmsis.o)
    0x00001f14   0x00001f14   0x00000038   Code   RO          497    i.svcThreadTerminate  RTX_CM3.lib(rt_cmsis.o)
    0x00001f4c   0x00001f4c   0x00000018   Code   RO          499    i.svcTimerCall      RTX_CM3.lib(rt_cmsis.o)
    0x00001f64   0x00001f64   0x0000005c   Code   RO          508    i.sysTimerTick      RTX_CM3.lib(rt_cmsis.o)
    0x00001fc0   0x00001fc0   0x00000098   Data   RO           15    .constdata          main.o
    0x00002058   0x00002058   0x00000010   Data   RO          125    .constdata          led_mcb1700.o
    0x00002068   0x00002068   0x0000000a   Data   RO          211    .constdata          joystick_mcb1700.o
    0x00002072   0x00002072   0x00000002   PAD
    0x00002074   0x00002074   0x00000068   Data   RO          247    .constdata          rtx_conf_cm.o
    0x000020dc   0x000020dc   0x00000020   Data   RO         1929    Region$$Table       anon$$obj.o


    Execution Region ER_RW (Exec base: 0x10000000, Load base: 0x000020fc, Size: 0x0000007c, Max: 0xffffffff, ABSOLUTE)

    Exec Addr    Load Addr    Size         Type   Attr      Idx    E Section Name        Object

    0x10000000   0x000020fc   0x00000044   Data   RW           16    .data               main.o
    0x10000044   0x00002140   0x00000010   Data   RW          248    .data               rtx_conf_cm.o
    0x10000054   0x00002150   0x00000008   Data   RW          511    .data               RTX_CM3.lib(rt_cmsis.o)
    0x1000005c   0x00002158   0x00000008   Data   RW         1051    .data               RTX_CM3.lib(rt_task.o)
    0x10000064   0x00002160   0x00000008   Data   RW         1136    .data               RTX_CM3.lib(rt_system.o)
    0x1000006c   0x00002168   0x00000004   Data   RW         1430    .data               RTX_CM3.lib(rt_time.o)
    0x10000070   0x0000216c   0x00000001   Data   RW         1549    .data               RTX_CM3.lib(hal_cm.o)
    0x10000071   0x0000216d   0x00000003   PAD
    0x10000074   0x00002170   0x00000008   Data   RW         1593    .data               RTX_CM3.lib(rt_robin.o)


    Execution Region ER_ZI (Exec base: 0x1000007c, Load base: 0x00002178, Size: 0x00000b24, Max: 0xffffffff, ABSOLUTE)

    Exec Addr    Load Addr    Size         Type   Attr      Idx    E Section Name        Object

    0x1000007c        -       0x00000010   Zero   RW           14    .bss                main.o
    0x1000008c   0x00002178   0x00000004   PAD
    0x10000090        -       0x000008a8   Zero   RW          246    .bss                rtx_conf_cm.o
    0x10000938        -       0x00000034   Zero   RW         1050    .bss                RTX_CM3.lib(rt_task.o)
    0x1000096c        -       0x00000030   Zero   RW         1270    .bss                RTX_CM3.lib(rt_list.o)
    0x1000099c   0x00002178   0x00000004   PAD
    0x100009a0        -       0x00000200   Zero   RW          368    STACK               startup_lpc17xx.o


==============================================================================

Image component sizes


      Code (inc. data)   RO Data    RW Data    ZI Data      Debug   Object Name

       172         18          0          0          0       2442   gpio_lpc17xx.o
       164          8         10          0          0       2218   joystick_mcb1700.o
        92          4         16          0          0       2373   led_mcb1700.o
      1096        412        152         68         16      18487   main.o
       252          6          0          0          0        844   pin_lpc17xx.o
        62          6        104         16       2216       7632   rtx_conf_cm.o
        40         12        204          0        512        988   startup_lpc17xx.o
       320         18          0          0          0        573   system_lpc17xx.o

    ----------------------------------------------------------------------
      2200        484        520         84       2748      35557   Object Totals
         0          0         32          0          0          0   (incl. Generated)
         2          0          2          0          4          0   (incl. Padding)

    ----------------------------------------------------------------------

      Code (inc. data)   RO Data    RW Data    ZI Data      Debug   Library Member Name

       238         24          0          1          0       3244   hal_cm.o
       304         36          0          0          0        756   hal_cm3.o
      1470        166          0          8          0      39088   rt_cmsis.o
        80          4          0          0          0        649   rt_event.o
       530         34          0          0         48       8157   rt_list.o
       554         10          0          0          0       3889   rt_mailbox.o
       140          0          0          0          0       1889   rt_membox.o
       128          0          0          0          0       2267   rt_memory.o
       336         14          0          0          0       1623   rt_mutex.o
        96         22          0          8          0       1134   rt_robin.o
       174         10          0          0          0       2360   rt_semaphore.o
       298         52          0          8          0       6139   rt_system.o
      1216        174          0          8         52       9537   rt_task.o
         6          0          0          4          0        636   rt_time.o
         4          4          0          0          0        196   svc_table.o
         0          0          0          0          0          0   entry.o
         0          0          0          0          0          0   entry10a.o
         0          0          0          0          0          0   entry11a.o
         8          4          0          0          0          0   entry2.o
         4          0          0          0          0          0   entry5.o
         0          0          0          0          0          0   entry7b.o
         0          0          0          0          0          0   entry8b.o
        30          0          0          0          0          0   handlers.o
        36          8          0          0          0         68   init.o
        50          8          0          0          0        152   printfb.o

    ----------------------------------------------------------------------
      5724        570          0         40        104      81784   Library Totals
        22          0          0          3          4          0   (incl. Padding)

    ----------------------------------------------------------------------

      Code (inc. data)   RO Data    RW Data    ZI Data      Debug   Library Name

      5574        550          0         37        100      81564   RTX_CM3.lib
       128         20          0          0          0        220   mc_w.l

    ----------------------------------------------------------------------
      5724        570          0         40        104      81784   Library Totals

    ----------------------------------------------------------------------

==============================================================================


      Code (inc. data)   RO Data    RW Data    ZI Data      Debug   

      7924       1054        520        124       2852     112137   Grand Totals
      7924       1054        520        124       2852     112137   ELF Image Totals
      7924       1054        520        124          0          0   ROM Totals

==============================================================================

    Total RO  Size (Code + RO Data)                 8444 (   8.25kB)
    Total RW  Size (RW Data + ZI Data)              2976 (   2.91kB)
    Total ROM Size (Code + RO Data + RW Data)       8568 (   8.37kB)

==============================================================================

